C51 COMPILER V9.54   MAIN                                                                  08/08/2025 04:37:15 PAGE 1   


C51 COMPILER V9.54, COMPILATION OF MODULE MAIN
OBJECT MODULE PLACED IN .\Objects\main.obj
COMPILER INVOKED BY: D:\Download\Keil uVision5\C51\BIN\C51.EXE main.c OPTIMIZE(8,SPEED) BROWSE DEBUG OBJECTEXTEND PRINT(
                    -.\Listings\main.lst) TABS(2) OBJECT(.\Objects\main.obj)

line level    source

   1          /*
   2          
   3          name:   动态数码管显示
   4          param:    locate1 num1 locate2 num2 locate3 num3
   5          retval:   无
   6          ref:    REGX52.H Delay.h
   7          use to:   在不同
   8          updatetime: 
   9          
  10          */
  11          
  12          #include <REGX52.H>
  13          #include "Delay.h"
  14          #include "ShowDigit.h"
  15          
  16          
  17          void main()
  18          {
  19   1        while(1)
  20   1        {
  21   2          showdigit(3,1);
  22   2          Delay(5);
  23   2          P0 = 0x00;
  24   2          showdigit(2,2);
  25   2          Delay(5);
  26   2          P0 = 0x00;
  27   2          showdigit(1,3);
  28   2          Delay(5);
  29   2          P0 = 0x00;
  30   2        }
  31   1      }


MODULE INFORMATION:   STATIC OVERLAYABLE
   CODE SIZE        =     53    ----
   CONSTANT SIZE    =   ----    ----
   XDATA SIZE       =   ----    ----
   PDATA SIZE       =   ----    ----
   DATA SIZE        =   ----    ----
   IDATA SIZE       =   ----    ----
   BIT SIZE         =   ----    ----
END OF MODULE INFORMATION.


C51 COMPILATION COMPLETE.  0 WARNING(S),  0 ERROR(S)
