C51 COMPILER V9.54   MAIN                                                                  04/26/2025 01:38:11 PAGE 1   


C51 COMPILER V9.54, COMPILATION OF MODULE MAIN
OBJECT MODULE PLACED IN .\Objects\main.obj
COMPILER INVOKED BY: D:\BaiduNetdiskDownload\C51kaifa\C51\BIN\C51.EXE main.c OPTIMIZE(8,SPEED) BROWSE DEBUG OBJECTEXTEND
                    - PRINT(.\Listings\main.lst) TABS(2) OBJECT(.\Objects\main.obj)

line level    source

   1          #include <REGX52.H>
   2          #include "Delay.h"
   3          
   4          
   5          void UART_Init()
   6          {
   7   1        //波特率加倍
   8   1        PCON = 0x80;
   9   1        //8位UART模式
  10   1        SCON = 0x40;
  11   1        //计数器1 八位重载
  12   1        TMOD &= 0x0F;
  13   1        TMOD |= 0x20;
  14   1        
  15   1        TL1 = 0xF4;     
  16   1        TH1 = 0xF4;     
  17   1        TR1 = 1;
  18   1        ET1 = 0;
  19   1      }
  20          
  21          void UART_Send(unsigned char send_data)
  22          {
  23   1          SBUF = send_data;
  24   1          while(TI == 0);
  25   1          TI = 0;
  26   1      }
  27          
  28          
  29          
  30          void main()
  31          {
  32   1        unsigned char count = 1; 
  33   1        UART_Init();
  34   1        while(1)
  35   1        {
  36   2          count++;
  37   2          Delay(1000);
  38   2          if(count < 90)
  39   2          {
  40   3            UART_Send(count);
  41   3          }
  42   2        }
  43   1      }


MODULE INFORMATION:   STATIC OVERLAYABLE
   CODE SIZE        =     60    ----
   CONSTANT SIZE    =   ----    ----
   XDATA SIZE       =   ----    ----
   PDATA SIZE       =   ----    ----
   DATA SIZE        =   ----       1
   IDATA SIZE       =   ----    ----
   BIT SIZE         =   ----    ----
END OF MODULE INFORMATION.

C51 COMPILER V9.54   MAIN                                                                  04/26/2025 01:38:11 PAGE 2   


C51 COMPILATION COMPLETE.  0 WARNING(S),  0 ERROR(S)
