C51 COMPILER V9.54   MAIN                                                                  04/25/2025 02:57:54 PAGE 1   


C51 COMPILER V9.54, COMPILATION OF MODULE MAIN
OBJECT MODULE PLACED IN .\Objects\main.obj
COMPILER INVOKED BY: D:\BaiduNetdiskDownload\C51kaifa\C51\BIN\C51.EXE main.c OPTIMIZE(8,SPEED) BROWSE DEBUG OBJECTEXTEND
                    - PRINT(.\Listings\main.lst) TABS(2) OBJECT(.\Objects\main.obj)

line level    source

   1          #include <REGX52.H>
   2          #include "Timer0.h"
   3          #include "LCD1602.h"
   4          
   5          unsigned char second = 50;
   6          unsigned char minute = 59;
   7          unsigned char hour = 23;
   8          
   9          void main()
  10          {
  11   1        LCD_Init();
  12   1        Timer0_Init();
  13   1        LCD_ShowString(1,1,"Clock:");
  14   1        LCD_ShowString(2,1,"  :  :  ");
  15   1        while(1)
  16   1        {
  17   2          LCD_ShowNum(2,1,hour,2);
  18   2          LCD_ShowNum(2,4,minute,2);
  19   2          LCD_ShowNum(2,7,second,2);
  20   2        }
  21   1      }
  22          
  23          
  24          void Timer0_Routine() interrupt 1
  25          {
  26   1        static unsigned int count = 0;
  27   1        TL0 = 0x18;       
  28   1        TH0 = 0xFC; 
  29   1        count++;
  30   1        if (count >= 1000)
  31   1        {
  32   2          count = 0;
  33   2          second++;
  34   2          if(second >= 60)
  35   2          {
  36   3            second = 0;
  37   3            minute++;
  38   3            if(minute >= 60)
  39   3            {
  40   4              minute =0;
  41   4              hour++;
  42   4              if(hour >= 24)
  43   4              {
  44   5                hour = 0;
  45   5              }
  46   4            }
  47   3          }
  48   2          
  49   2        }
  50   1        
  51   1      }


MODULE INFORMATION:   STATIC OVERLAYABLE
C51 COMPILER V9.54   MAIN                                                                  04/25/2025 02:57:54 PAGE 2   

   CODE SIZE        =    150    ----
   CONSTANT SIZE    =     16    ----
   XDATA SIZE       =   ----    ----
   PDATA SIZE       =   ----    ----
   DATA SIZE        =      5    ----
   IDATA SIZE       =   ----    ----
   BIT SIZE         =   ----    ----
END OF MODULE INFORMATION.


C51 COMPILATION COMPLETE.  0 WARNING(S),  0 ERROR(S)
