C51 COMPILER V9.54   TIMER0                                                                04/25/2025 02:54:51 PAGE 1   


C51 COMPILER V9.54, COMPILATION OF MODULE TIMER0
OBJECT MODULE PLACED IN .\Objects\Timer0.obj
COMPILER INVOKED BY: D:\BaiduNetdiskDownload\C51kaifa\C51\BIN\C51.EXE Timer0.c OPTIMIZE(8,SPEED) BROWSE DEBUG OBJECTEXTE
                    -ND PRINT(.\Listings\Timer0.lst) TABS(2) OBJECT(.\Objects\Timer0.obj)

line level    source

   1          #include <REGX52.H>
   2          
   3          void Timer0_Init()
   4          {
   5   1        TMOD &= 0xF0;
   6   1        TMOD |= 0x01;
   7   1        TF0 = 0;
   8   1        TR0 = 1;
   9   1        // 1ms
  10   1        TL0 = 0x18;       
  11   1        TH0 = 0xFC;       
  12   1        ET0 = 1;
  13   1        EA = 1;
  14   1        PT0 = 0;
  15   1      }
  16          
  17          
  18          
  19          
  20          /*
  21          
  22          void Timer0_Routine() interrupt 1
  23          {
  24            static unsigned int count;
  25            TL0 = 0x18;       
  26            TH0 = 0xFC; 
  27            count++;
  28            if (count >= 1000)
  29            {
  30              count = 0;
  31              |
  32            }
  33            
  34          }
  35          
  36          */


MODULE INFORMATION:   STATIC OVERLAYABLE
   CODE SIZE        =     23    ----
   CONSTANT SIZE    =   ----    ----
   XDATA SIZE       =   ----    ----
   PDATA SIZE       =   ----    ----
   DATA SIZE        =   ----    ----
   IDATA SIZE       =   ----    ----
   BIT SIZE         =   ----    ----
END OF MODULE INFORMATION.


C51 COMPILATION COMPLETE.  0 WARNING(S),  0 ERROR(S)
