C51 COMPILER V9.54   LCD1602                                                               08/08/2025 05:09:07 PAGE 1   


C51 COMPILER V9.54, COMPILATION OF MODULE LCD1602
OBJECT MODULE PLACED IN .\Objects\LCD1602.obj
COMPILER INVOKED BY: D:\Download\Keil uVision5\C51\BIN\C51.EXE LCD1602.c OPTIMIZE(8,SPEED) BROWSE DEBUG OBJECTEXTEND PRI
                    -NT(.\Listings\LCD1602.lst) TABS(2) OBJECT(.\Objects\LCD1602.obj)

line level    source

   1          /*
   2          
   3          name:   LCD 1602 驱动函数
   4          param:    见相关函数
   5          retval:   见相关函数
   6          ref:    REGX52.H
   7          use to:   用于使用 LCD1602 进行数字、字母、符号显示。
   8          updatetime: 2025-8-8
   9          
  10          */
  11          
  12          #include <REGX52.H>
  13          
  14          //引脚配置：
  15          sbit LCD_RS=P2^6;
  16          sbit LCD_RW=P2^5;
  17          sbit LCD_EN=P2^7;
  18          #define LCD_DataPort P0
  19          
  20          //函数定义：
  21          /*
  22           * @brief  LCD1602延时函数，12MHz调用可延时1ms
  23           * @param  无
  24           * @retval 无
  25           */
  26          void LCD_Delay()
  27          {
  28   1        unsigned char i, j;
  29   1      
  30   1        i = 2;
  31   1        j = 239;
  32   1        do
  33   1        {
  34   2          while (--j);
  35   2        } while (--i);
  36   1      }
  37          
  38          /**
  39            * @brief  LCD1602写命令
  40            * @param  Command 要写入的命令
  41            * @retval 无
  42            */
  43          void LCD_WriteCommand(unsigned char Command)
  44          {
  45   1        LCD_RS=0;
  46   1        LCD_RW=0;
  47   1        LCD_DataPort=Command;
  48   1        LCD_EN=1;
  49   1        LCD_Delay();
  50   1        LCD_EN=0;
  51   1        LCD_Delay();
  52   1      }
  53          
  54          /**
C51 COMPILER V9.54   LCD1602                                                               08/08/2025 05:09:07 PAGE 2   

  55            * @brief  LCD1602写数据
  56            * @param  Data 要写入的数据
  57            * @retval 无
  58            */
  59          void LCD_WriteData(unsigned char Data)
  60          {
  61   1        LCD_RS=1;
  62   1        LCD_RW=0;
  63   1        LCD_DataPort=Data;
  64   1        LCD_EN=1;
  65   1        LCD_Delay();
  66   1        LCD_EN=0;
  67   1        LCD_Delay();
  68   1      }
  69          
  70          /**
  71            * @brief  LCD1602设置光标位置
  72            * @param  Line 行位置，范围：1~2
  73            * @param  Column 列位置，范围：1~16
  74            * @retval 无
  75            */
  76          void LCD_SetCursor(unsigned char Line,unsigned char Column)
  77          {
  78   1        if(Line==1)
  79   1        {
  80   2          LCD_WriteCommand(0x80|(Column-1));
  81   2        }
  82   1        else if(Line==2)
  83   1        {
  84   2          LCD_WriteCommand(0x80|(Column-1+0x40));
  85   2        }
  86   1      }
  87          
  88          /**
  89            * @brief  LCD1602初始化函数
  90            * @param  无
  91            * @retval 无
  92            */
  93          void LCD_Init()
  94          {
  95   1        LCD_WriteCommand(0x38);//八位数据接口，两行显示，5*7点阵
  96   1        LCD_WriteCommand(0x0c);//显示开，光标关，闪烁关
  97   1        LCD_WriteCommand(0x06);//数据读写操作后，光标自动加一，画面不动
  98   1        LCD_WriteCommand(0x01);//光标复位，清屏
  99   1      }
 100          
 101          /**
 102            * @brief  在LCD1602指定位置上显示一个字符
 103            * @param  Line 行位置，范围：1~2
 104            * @param  Column 列位置，范围：1~16
 105            * @param  Char 要显示的字符
 106            * @retval 无
 107            */
 108          void LCD_ShowChar(unsigned char Line,unsigned char Column,char Char)
 109          {
 110   1        LCD_SetCursor(Line,Column);
 111   1        LCD_WriteData(Char);
 112   1      }
 113          
 114          /**
 115            * @brief  在LCD1602指定位置开始显示所给字符串
 116            * @param  Line 起始行位置，范围：1~2
C51 COMPILER V9.54   LCD1602                                                               08/08/2025 05:09:07 PAGE 3   

 117            * @param  Column 起始列位置，范围：1~16
 118            * @param  String 要显示的字符串
 119            * @retval 无
 120            */
 121          void LCD_ShowString(unsigned char Line,unsigned char Column,char *String)
 122          {
 123   1        unsigned char i;
 124   1        LCD_SetCursor(Line,Column);
 125   1        for(i=0;String[i]!='\0';i++)
 126   1        {
 127   2          LCD_WriteData(String[i]);
 128   2        }
 129   1      }
 130          
 131          /**
 132            * @brief  返回值=X的Y次方
 133            */
 134          int LCD_Pow(int X,int Y)
 135          {
 136   1        unsigned char i;
 137   1        int Result=1;
 138   1        for(i=0;i<Y;i++)
 139   1        {
 140   2          Result*=X;
 141   2        }
 142   1        return Result;
 143   1      }
 144          
 145          /**
 146            * @brief  在LCD1602指定位置开始显示所给数字
 147            * @param  Line 起始行位置，范围：1~2
 148            * @param  Column 起始列位置，范围：1~16
 149            * @param  Number 要显示的数字，范围：0~65535
 150            * @param  Length 要显示数字的长度，范围：1~5
 151            * @retval 无
 152            */
 153          void LCD_ShowNum(unsigned char Line,unsigned char Column,unsigned int Number,unsigned char Length)
 154          {
 155   1        unsigned char i;
 156   1        LCD_SetCursor(Line,Column);
 157   1        for(i=Length;i>0;i--)
 158   1        {
 159   2          LCD_WriteData(Number/LCD_Pow(10,i-1)%10+'0');
 160   2        }
 161   1      }
 162          
 163          /**
 164            * @brief  在LCD1602指定位置开始以有符号十进制显示所给数字
 165            * @param  Line 起始行位置，范围：1~2
 166            * @param  Column 起始列位置，范围：1~16
 167            * @param  Number 要显示的数字，范围：-32768~32767
 168            * @param  Length 要显示数字的长度，范围：1~5
 169            * @retval 无
 170            */
 171          void LCD_ShowSignedNum(unsigned char Line,unsigned char Column,int Number,unsigned char Length)
 172          {
 173   1        unsigned char i;
 174   1        unsigned int Number1;
 175   1        LCD_SetCursor(Line,Column);
 176   1        if(Number>=0)
 177   1        {
 178   2          LCD_WriteData('+');
C51 COMPILER V9.54   LCD1602                                                               08/08/2025 05:09:07 PAGE 4   

 179   2          Number1=Number;
 180   2        }
 181   1        else
 182   1        {
 183   2          LCD_WriteData('-');
 184   2          Number1=-Number;
 185   2        }
 186   1        for(i=Length;i>0;i--)
 187   1        {
 188   2          LCD_WriteData(Number1/LCD_Pow(10,i-1)%10+'0');
 189   2        }
 190   1      }
 191          
 192          /**
 193            * @brief  在LCD1602指定位置开始以十六进制显示所给数字
 194            * @param  Line 起始行位置，范围：1~2
 195            * @param  Column 起始列位置，范围：1~16
 196            * @param  Number 要显示的数字，范围：0~0xFFFF
 197            * @param  Length 要显示数字的长度，范围：1~4
 198            * @retval 无
 199            */
 200          void LCD_ShowHexNum(unsigned char Line,unsigned char Column,unsigned int Number,unsigned char Length)
 201          {
 202   1        unsigned char i,SingleNumber;
 203   1        LCD_SetCursor(Line,Column);
 204   1        for(i=Length;i>0;i--)
 205   1        {
 206   2          SingleNumber=Number/LCD_Pow(16,i-1)%16;
 207   2          if(SingleNumber<10)
 208   2          {
 209   3            LCD_WriteData(SingleNumber+'0');
 210   3          }
 211   2          else
 212   2          {
 213   3            LCD_WriteData(SingleNumber-10+'A');
 214   3          }
 215   2        }
 216   1      }
 217          
 218          /**
 219            * @brief  在LCD1602指定位置开始以二进制显示所给数字
 220            * @param  Line 起始行位置，范围：1~2
 221            * @param  Column 起始列位置，范围：1~16
 222            * @param  Number 要显示的数字，范围：0~1111 1111 1111 1111
 223            * @param  Length 要显示数字的长度，范围：1~16
 224            * @retval 无
 225            */
 226          void LCD_ShowBinNum(unsigned char Line,unsigned char Column,unsigned int Number,unsigned char Length)
 227          {
 228   1        unsigned char i;
 229   1        LCD_SetCursor(Line,Column);
 230   1        for(i=Length;i>0;i--)
 231   1        {
 232   2          LCD_WriteData(Number/LCD_Pow(2,i-1)%2+'0');
 233   2        }
 234   1      }


MODULE INFORMATION:   STATIC OVERLAYABLE
   CODE SIZE        =    393    ----
   CONSTANT SIZE    =   ----    ----
   XDATA SIZE       =   ----    ----
C51 COMPILER V9.54   LCD1602                                                               08/08/2025 05:09:07 PAGE 5   

   PDATA SIZE       =   ----    ----
   DATA SIZE        =   ----      29
   IDATA SIZE       =   ----    ----
   BIT SIZE         =   ----    ----
END OF MODULE INFORMATION.


C51 COMPILATION COMPLETE.  0 WARNING(S),  0 ERROR(S)
