C51 COMPILER V9.54   MAIN                                                                  08/08/2025 05:09:07 PAGE 1   


C51 COMPILER V9.54, COMPILATION OF MODULE MAIN
OBJECT MODULE PLACED IN .\Objects\main.obj
COMPILER INVOKED BY: D:\Download\Keil uVision5\C51\BIN\C51.EXE main.c OPTIMIZE(8,SPEED) BROWSE DEBUG OBJECTEXTEND PRINT(
                    -.\Listings\main.lst) TABS(2) OBJECT(.\Objects\main.obj)

line level    source

   1          /*
   2          
   3          name:   测试 LCD1602 函数
   4          param:    
   5          retval:   无
   6          ref:    REGX52.H LCD1602.h
   7          use to:   
   8          updatetime: 
   9          
  10          */
  11          
  12          #include <REGX52.H>
  13          #include "LCD1602.h"
  14          
  15          
  16          void main()
  17          {
  18   1        LCD_Init();
  19   1        LCD_ShowChar(1,1,'A');
  20   1        LCD_ShowString(1,3,"HAHA");
  21   1        LCD_ShowNum(1,8,2,1);
  22   1        LCD_ShowSignedNum(1,10,12,2);
  23   1        LCD_ShowHexNum(2,1,0x1A,2);
  24   1        LCD_ShowBinNum(2,6,1001,4);
  25   1        while(1)
  26   1        {
  27   2        }
  28   1      }


MODULE INFORMATION:   STATIC OVERLAYABLE
   CODE SIZE        =     83    ----
   CONSTANT SIZE    =      5    ----
   XDATA SIZE       =   ----    ----
   PDATA SIZE       =   ----    ----
   DATA SIZE        =   ----    ----
   IDATA SIZE       =   ----    ----
   BIT SIZE         =   ----    ----
END OF MODULE INFORMATION.


C51 COMPILATION COMPLETE.  0 WARNING(S),  0 ERROR(S)
