BL51 BANKED LINKER/LOCATER V6.22                                                        08/08/2025  05:09:08  PAGE 1


BL51 BANKED LINKER/LOCATER V6.22, INVOKED BY:
D:\DOWNLOAD\KEIL UVISION5\C51\BIN\BL51.EXE .\Objects\main.obj, .\Objects\LCD1602.obj TO .\Objects\project PRINT (.\Listi
>> ngs\project.m51) RAMSIZE (256)


MEMORY MODEL: SMALL


INPUT MODULES INCLUDED:
  .\Objects\main.obj (MAIN)
  .\Objects\LCD1602.obj (LCD1602)
  D:\DOWNLOAD\KEIL UVISION5\C51\LIB\C51S.LIB (?C_STARTUP)
  D:\DOWNLOAD\KEIL UVISION5\C51\LIB\C51S.LIB (?C?CLDOPTR)
  D:\DOWNLOAD\KEIL UVISION5\C51\LIB\C51S.LIB (?C?IMUL)
  D:\DOWNLOAD\KEIL UVISION5\C51\LIB\C51S.LIB (?C?UIDIV)


LINK MAP OF MODULE:  .\Objects\project (MAIN)


            TYPE    BASE      LENGTH    RELOCATION   SEGMENT NAME
            -----------------------------------------------------

            * * * * * * *   D A T A   M E M O R Y   * * * * * * *
            REG     0000H     0008H     ABSOLUTE     "REG BANK 0"
            DATA    0008H     000BH     UNIT         _DATA_GROUP_
            IDATA   0013H     0001H     UNIT         ?STACK

            * * * * * * *   C O D E   M E M O R Y   * * * * * * *
            CODE    0000H     0003H     ABSOLUTE     
            CODE    0003H     0094H     UNIT         ?C?LIB_CODE
            CODE    0097H     0053H     UNIT         ?PR?MAIN?MAIN
            CODE    00EAH     003AH     UNIT         ?PR?_LCD_SHOWSIGNEDNUM?LCD1602
            CODE    0124H     0039H     UNIT         ?PR?_LCD_SHOWHEXNUM?LCD1602
            CODE    015DH     0038H     UNIT         ?PR?_LCD_SHOWBINNUM?LCD1602
            CODE    0195H     0033H     UNIT         ?PR?_LCD_POW?LCD1602
            CODE    01C8H     0023H     UNIT         ?PR?_LCD_SHOWSTRING?LCD1602
            CODE    01EBH     001EH     UNIT         ?PR?_LCD_WRITEDATA?LCD1602
            CODE    0209H     001DH     UNIT         ?PR?_LCD_SHOWNUM?LCD1602
            CODE    0226H     0016H     UNIT         ?PR?_LCD_SETCURSOR?LCD1602
            CODE    023CH     0014H     UNIT         ?PR?LCD_INIT?LCD1602
            CODE    0250H     000FH     UNIT         ?PR?LCD_DELAY?LCD1602
            CODE    025FH     000CH     UNIT         ?C_C51STARTUP
            CODE    026BH     000AH     UNIT         ?PR?_LCD_WRITECOMMAND?LCD1602
            CODE    0275H     000AH     UNIT         ?PR?_LCD_SHOWCHAR?LCD1602
            CODE    027FH     0005H     UNIT         ?CO?MAIN



OVERLAY MAP OF MODULE:   .\Objects\project (MAIN)


SEGMENT                                  DATA_GROUP 
  +--> CALLED SEGMENT                  START    LENGTH
------------------------------------------------------
?C_C51STARTUP                          -----    -----
  +--> ?PR?MAIN?MAIN

BL51 BANKED LINKER/LOCATER V6.22                                                      08/08/2025  05:09:08  PAGE 2


?PR?MAIN?MAIN                          -----    -----
  +--> ?PR?LCD_INIT?LCD1602
  +--> ?PR?_LCD_SHOWCHAR?LCD1602
  +--> ?CO?MAIN
  +--> ?PR?_LCD_SHOWSTRING?LCD1602
  +--> ?PR?_LCD_SHOWNUM?LCD1602
  +--> ?PR?_LCD_SHOWSIGNEDNUM?LCD1602
  +--> ?PR?_LCD_SHOWHEXNUM?LCD1602
  +--> ?PR?_LCD_SHOWBINNUM?LCD1602

?PR?LCD_INIT?LCD1602                   -----    -----
  +--> ?PR?_LCD_WRITECOMMAND?LCD1602

?PR?_LCD_WRITECOMMAND?LCD1602          -----    -----
  +--> ?PR?LCD_DELAY?LCD1602

?PR?_LCD_SHOWCHAR?LCD1602              -----    -----
  +--> ?PR?_LCD_SETCURSOR?LCD1602
  +--> ?PR?_LCD_WRITEDATA?LCD1602

?PR?_LCD_SETCURSOR?LCD1602             -----    -----
  +--> ?PR?_LCD_WRITECOMMAND?LCD1602

?PR?_LCD_WRITEDATA?LCD1602             -----    -----
  +--> ?PR?LCD_DELAY?LCD1602

?PR?_LCD_SHOWSTRING?LCD1602            0008H    0003H
  +--> ?PR?_LCD_SETCURSOR?LCD1602
  +--> ?PR?_LCD_WRITEDATA?LCD1602

?PR?_LCD_SHOWNUM?LCD1602               0008H    0005H
  +--> ?PR?_LCD_SETCURSOR?LCD1602
  +--> ?PR?_LCD_POW?LCD1602
  +--> ?PR?_LCD_WRITEDATA?LCD1602

?PR?_LCD_POW?LCD1602                   000FH    0004H

?PR?_LCD_SHOWSIGNEDNUM?LCD1602         0008H    0007H
  +--> ?PR?_LCD_SETCURSOR?LCD1602
  +--> ?PR?_LCD_WRITEDATA?LCD1602
  +--> ?PR?_LCD_POW?LCD1602

?PR?_LCD_SHOWHEXNUM?LCD1602            0008H    0005H
  +--> ?PR?_LCD_SETCURSOR?LCD1602
  +--> ?PR?_LCD_POW?LCD1602
  +--> ?PR?_LCD_WRITEDATA?LCD1602

?PR?_LCD_SHOWBINNUM?LCD1602            0008H    0005H
  +--> ?PR?_LCD_SETCURSOR?LCD1602
  +--> ?PR?_LCD_POW?LCD1602
  +--> ?PR?_LCD_WRITEDATA?LCD1602



SYMBOL TABLE OF MODULE:  .\Objects\project (MAIN)

  VALUE           TYPE          NAME
BL51 BANKED LINKER/LOCATER V6.22                                                      08/08/2025  05:09:08  PAGE 3


  ----------------------------------

  -------         MODULE        MAIN
  C:0000H         SYMBOL        _ICE_DUMMY_
  C:0097H         PUBLIC        main
  -------         PROC          MAIN
  C:0097H         LINE#         16
  C:0097H         LINE#         17
  C:0097H         LINE#         18
  C:009AH         LINE#         19
  C:00A3H         LINE#         20
  C:00B0H         LINE#         21
  C:00BEH         LINE#         22
  C:00CCH         LINE#         23
  C:00DAH         LINE#         24
  C:00E8H         LINE#         25
  C:00E8H         LINE#         26
  C:00E8H         LINE#         27
  -------         ENDPROC       MAIN
  -------         ENDMOD        MAIN

  -------         MODULE        LCD1602
  C:0000H         SYMBOL        _ICE_DUMMY_
  D:0080H         PUBLIC        P0
  D:00A0H         PUBLIC        P2
  C:026BH         PUBLIC        _LCD_WriteCommand
  C:0209H         PUBLIC        _LCD_ShowNum
  C:015DH         PUBLIC        _LCD_ShowBinNum
  C:0256H         PUBLIC        LCD_Delay
  C:0124H         PUBLIC        _LCD_ShowHexNum
  C:01FFH         PUBLIC        _LCD_WriteData
  B:00A0H.7       PUBLIC        LCD_EN
  C:023CH         PUBLIC        LCD_Init
  C:01C8H         PUBLIC        _LCD_ShowString
  C:0275H         PUBLIC        _LCD_ShowChar
  B:00A0H.6       PUBLIC        LCD_RS
  B:00A0H.5       PUBLIC        LCD_RW
  C:0226H         PUBLIC        _LCD_SetCursor
  C:00EAH         PUBLIC        _LCD_ShowSignedNum
  C:01A1H         PUBLIC        _LCD_Pow
  -------         PROC          L?0048
  -------         ENDPROC       L?0048
  -------         PROC          LCD_DELAY
  -------         DO            
  D:0007H         SYMBOL        i
  D:0006H         SYMBOL        j
  -------         ENDDO         
  C:0256H         LINE#         26
  C:0256H         LINE#         27
  C:0256H         LINE#         30
  C:0258H         LINE#         31
  C:025AH         LINE#         33
  C:025AH         LINE#         34
  C:025CH         LINE#         35
  C:025EH         LINE#         36
  -------         ENDPROC       LCD_DELAY
  -------         PROC          _LCD_WRITECOMMAND
BL51 BANKED LINKER/LOCATER V6.22                                                      08/08/2025  05:09:08  PAGE 4


  D:0007H         SYMBOL        Command
  C:026BH         LINE#         43
  C:026BH         LINE#         44
  C:026BH         LINE#         45
  C:026DH         LINE#         46
  C:026DH         LINE#         47
  C:026DH         LINE#         48
  C:026DH         LINE#         49
  C:0270H         LINE#         50
  C:0272H         LINE#         51
  -------         ENDPROC       _LCD_WRITECOMMAND
  -------         PROC          L?0047
  -------         ENDPROC       L?0047
  -------         PROC          _LCD_WRITEDATA
  D:0007H         SYMBOL        Data
  C:01FFH         LINE#         59
  C:01FFH         LINE#         60
  C:01FFH         LINE#         61
  C:0201H         LINE#         62
  C:0201H         LINE#         63
  C:0201H         LINE#         64
  C:0201H         LINE#         65
  C:0204H         LINE#         66
  C:0206H         LINE#         67
  -------         ENDPROC       _LCD_WRITEDATA
  -------         PROC          _LCD_SETCURSOR
  D:0006H         SYMBOL        Line
  D:0005H         SYMBOL        Column
  C:0226H         LINE#         76
  C:0228H         LINE#         77
  C:0228H         LINE#         78
  C:022BH         LINE#         79
  C:022BH         LINE#         80
  C:022DH         LINE#         81
  C:022FH         LINE#         82
  C:0232H         LINE#         83
  C:0232H         LINE#         84
  C:023BH         LINE#         85
  C:023BH         LINE#         86
  -------         ENDPROC       _LCD_SETCURSOR
  -------         PROC          LCD_INIT
  C:023CH         LINE#         93
  C:023CH         LINE#         94
  C:023CH         LINE#         95
  C:0241H         LINE#         96
  C:0246H         LINE#         97
  C:024BH         LINE#         98
  -------         ENDPROC       LCD_INIT
  -------         PROC          _LCD_SHOWCHAR
  D:0006H         SYMBOL        Line
  D:0005H         SYMBOL        Column
  D:0004H         SYMBOL        Char
  C:0275H         LINE#         108
  C:0277H         LINE#         109
  C:0277H         LINE#         110
  C:027AH         LINE#         111
  -------         ENDPROC       _LCD_SHOWCHAR
BL51 BANKED LINKER/LOCATER V6.22                                                      08/08/2025  05:09:08  PAGE 5


  -------         PROC          _LCD_SHOWSTRING
  D:0007H         SYMBOL        Line
  D:0005H         SYMBOL        Column
  D:0008H         SYMBOL        String
  -------         DO            
  D:0005H         SYMBOL        i
  -------         ENDDO         
  C:01C8H         LINE#         121
  C:01CEH         LINE#         122
  C:01CEH         LINE#         124
  C:01D1H         LINE#         125
  C:01E4H         LINE#         126
  C:01E4H         LINE#         127
  C:01E7H         LINE#         128
  C:01EAH         LINE#         129
  -------         ENDPROC       _LCD_SHOWSTRING
  C:0197H         SYMBOL        L?0046
  -------         PROC          L?0045
  -------         ENDPROC       L?0045
  C:0197H         SYMBOL        L?0046
  -------         PROC          _LCD_POW
  D:000FH         SYMBOL        X
  D:0011H         SYMBOL        Y
  -------         DO            
  D:0003H         SYMBOL        i
  D:0006H         SYMBOL        Result
  -------         ENDDO         
  C:01A1H         LINE#         134
  C:01A9H         LINE#         135
  C:01A9H         LINE#         137
  C:01ADH         LINE#         138
  C:01BDH         LINE#         139
  C:01BDH         LINE#         140
  C:01C4H         LINE#         141
  C:01C7H         LINE#         142
  C:01C7H         LINE#         143
  -------         ENDPROC       _LCD_POW
  -------         PROC          _LCD_SHOWNUM
  D:0007H         SYMBOL        Line
  D:0005H         SYMBOL        Column
  D:000AH         SYMBOL        Number
  D:000CH         SYMBOL        Length
  -------         DO            
  D:0002H         SYMBOL        i
  -------         ENDDO         
  C:0209H         LINE#         153
  C:020DH         LINE#         154
  C:020DH         LINE#         156
  C:0210H         LINE#         157
  C:0218H         LINE#         158
  C:0218H         LINE#         159
  C:0222H         LINE#         160
  C:0225H         LINE#         161
  -------         ENDPROC       _LCD_SHOWNUM
  -------         PROC          _LCD_SHOWSIGNEDNUM
  D:0007H         SYMBOL        Line
  D:0005H         SYMBOL        Column
BL51 BANKED LINKER/LOCATER V6.22                                                      08/08/2025  05:09:08  PAGE 6


  D:0002H         SYMBOL        Number
  D:000CH         SYMBOL        Length
  -------         DO            
  D:0002H         SYMBOL        i
  D:000DH         SYMBOL        Number1
  -------         ENDDO         
  C:00EAH         LINE#         171
  C:00EAH         LINE#         172
  C:00EAH         LINE#         175
  C:00EDH         LINE#         176
  C:00F5H         LINE#         177
  C:00F5H         LINE#         178
  C:00FAH         LINE#         179
  C:00FEH         LINE#         180
  C:0100H         LINE#         182
  C:0100H         LINE#         183
  C:0105H         LINE#         184
  C:010EH         LINE#         185
  C:010EH         LINE#         186
  C:0116H         LINE#         187
  C:0116H         LINE#         188
  C:0120H         LINE#         189
  C:0123H         LINE#         190
  -------         ENDPROC       _LCD_SHOWSIGNEDNUM
  -------         PROC          _LCD_SHOWHEXNUM
  D:0007H         SYMBOL        Line
  D:0005H         SYMBOL        Column
  D:000AH         SYMBOL        Number
  D:000CH         SYMBOL        Length
  -------         DO            
  D:0002H         SYMBOL        i
  D:0006H         SYMBOL        SingleNumber
  -------         ENDDO         
  C:0124H         LINE#         200
  C:0128H         LINE#         201
  C:0128H         LINE#         203
  C:012BH         LINE#         204
  C:0133H         LINE#         205
  C:0133H         LINE#         206
  C:0149H         LINE#         207
  C:014FH         LINE#         208
  C:014FH         LINE#         209
  C:0151H         LINE#         210
  C:0153H         LINE#         212
  C:0153H         LINE#         213
  C:0159H         LINE#         214
  C:0159H         LINE#         215
  C:015CH         LINE#         216
  -------         ENDPROC       _LCD_SHOWHEXNUM
  -------         PROC          _LCD_SHOWBINNUM
  D:0007H         SYMBOL        Line
  D:0005H         SYMBOL        Column
  D:000AH         SYMBOL        Number
  D:000CH         SYMBOL        Length
  -------         DO            
  D:0002H         SYMBOL        i
  -------         ENDDO         
BL51 BANKED LINKER/LOCATER V6.22                                                      08/08/2025  05:09:08  PAGE 7


  C:015DH         LINE#         226
  C:0161H         LINE#         227
  C:0161H         LINE#         229
  C:0164H         LINE#         230
  C:016CH         LINE#         231
  C:016CH         LINE#         232
  C:0191H         LINE#         233
  C:0194H         LINE#         234
  -------         ENDPROC       _LCD_SHOWBINNUM
  -------         ENDMOD        LCD1602

  -------         MODULE        ?C?CLDOPTR
  C:0003H         PUBLIC        ?C?CLDOPTR
  -------         ENDMOD        ?C?CLDOPTR

  -------         MODULE        ?C?IMUL
  C:0030H         PUBLIC        ?C?IMUL
  -------         ENDMOD        ?C?IMUL

  -------         MODULE        ?C?UIDIV
  C:0042H         PUBLIC        ?C?UIDIV
  -------         ENDMOD        ?C?UIDIV

Program Size: data=20.0 xdata=0 code=644
LINK/LOCATE RUN COMPLETE.  0 WARNING(S),  0 ERROR(S)
