BL51 BANKED LINKER/LOCATER V6.22                                                        08/08/2025  04:37:16  PAGE 1


BL51 BANKED LINKER/LOCATER V6.22, INVOKED BY:
D:\DOWNLOAD\KEIL UVISION5\C51\BIN\BL51.EXE .\Objects\ShowDigit.obj, .\Objects\main.obj, .\Objects\Delay.obj TO .\Objects
>> \project PRINT (.\Listings\project.m51) RAMSIZE (256)


MEMORY MODEL: SMALL


INPUT MODULES INCLUDED:
  .\Objects\ShowDigit.obj (SHOWDIGIT)
  .\Objects\main.obj (MAIN)
  .\Objects\Delay.obj (DELAY)
  D:\DOWNLOAD\KEIL UVISION5\C51\LIB\C51S.LIB (?C_STARTUP)


LINK MAP OF MODULE:  .\Objects\project (SHOWDIGIT)


            TYPE    BASE      LENGTH    RELOCATION   SEGMENT NAME
            -----------------------------------------------------

            * * * * * * *   D A T A   M E M O R Y   * * * * * * *
            REG     0000H     0008H     ABSOLUTE     "REG BANK 0"
            IDATA   0008H     0001H     UNIT         ?STACK

            * * * * * * *   C O D E   M E M O R Y   * * * * * * *
            CODE    0000H     0003H     ABSOLUTE     
            CODE    0003H     00D2H     UNIT         ?PR?_SHOWDIGIT?SHOWDIGIT
            CODE    00D5H     0035H     UNIT         ?PR?MAIN?MAIN
            CODE    010AH     0014H     UNIT         ?PR?_DELAY?DELAY
            CODE    011EH     000CH     UNIT         ?C_C51STARTUP



OVERLAY MAP OF MODULE:   .\Objects\project (SHOWDIGIT)


SEGMENT
  +--> CALLED SEGMENT
---------------------
?C_C51STARTUP
  +--> ?PR?MAIN?MAIN

?PR?MAIN?MAIN
  +--> ?PR?_SHOWDIGIT?SHOWDIGIT
  +--> ?PR?_DELAY?DELAY



SYMBOL TABLE OF MODULE:  .\Objects\project (SHOWDIGIT)

  VALUE           TYPE          NAME
  ----------------------------------

  -------         MODULE        SHOWDIGIT
  C:0000H         SYMBOL        _ICE_DUMMY_
  D:0080H         PUBLIC        P0
  B:00A0H.2       PUBLIC        P2_2
BL51 BANKED LINKER/LOCATER V6.22                                                      08/08/2025  04:37:16  PAGE 2


  B:00A0H.3       PUBLIC        P2_3
  B:00A0H.4       PUBLIC        P2_4
  C:0003H         PUBLIC        _showdigit
  -------         PROC          _SHOWDIGIT
  D:0007H         SYMBOL        locate
  D:0005H         SYMBOL        num
  C:0003H         LINE#         14
  C:0003H         LINE#         15
  C:0003H         LINE#         16
  C:0015H         LINE#         17
  C:0015H         LINE#         18
  C:0027H         LINE#         19
  C:0027H         LINE#         20
  C:0054H         LINE#         21
  C:0054H         LINE#         22
  C:0058H         LINE#         23
  C:005CH         LINE#         24
  C:0060H         LINE#         25
  C:0064H         LINE#         26
  C:006CH         LINE#         27
  C:0074H         LINE#         28
  C:007CH         LINE#         29
  C:0082H         LINE#         30
  C:0082H         LINE#         31
  C:0082H         LINE#         32
  C:00ADH         LINE#         33
  C:00ADH         LINE#         34
  C:00B1H         LINE#         35
  C:00B5H         LINE#         36
  C:00B9H         LINE#         37
  C:00BDH         LINE#         38
  C:00C1H         LINE#         39
  C:00C5H         LINE#         40
  C:00C9H         LINE#         41
  C:00CDH         LINE#         42
  C:00D1H         LINE#         43
  C:00D4H         LINE#         44
  C:00D4H         LINE#         45
  C:00D4H         LINE#         46
  C:00D4H         LINE#         47
  C:00D4H         LINE#         48
  -------         ENDPROC       _SHOWDIGIT
  -------         ENDMOD        SHOWDIGIT

  -------         MODULE        MAIN
  C:0000H         SYMBOL        _ICE_DUMMY_
  D:0080H         PUBLIC        P0
  C:00D5H         PUBLIC        main
  -------         PROC          MAIN
  C:00D5H         LINE#         17
  C:00D5H         LINE#         18
  C:00D5H         LINE#         19
  C:00D5H         LINE#         20
  C:00D5H         LINE#         21
  C:00DCH         LINE#         22
  C:00E3H         LINE#         23
  C:00E6H         LINE#         24
BL51 BANKED LINKER/LOCATER V6.22                                                      08/08/2025  04:37:16  PAGE 3


  C:00EDH         LINE#         25
  C:00F4H         LINE#         26
  C:00F7H         LINE#         27
  C:00FEH         LINE#         28
  C:0105H         LINE#         29
  C:0108H         LINE#         30
  -------         ENDPROC       MAIN
  -------         ENDMOD        MAIN

  -------         MODULE        DELAY
  C:0000H         SYMBOL        _ICE_DUMMY_
  C:010AH         PUBLIC        _Delay
  -------         PROC          _DELAY
  D:0006H         SYMBOL        x
  -------         DO            
  D:0005H         SYMBOL        i
  D:0004H         SYMBOL        j
  -------         ENDDO         
  C:010AH         LINE#         14
  C:010AH         LINE#         15
  C:010AH         LINE#         17
  C:010EH         LINE#         18
  C:010EH         LINE#         20
  C:0110H         LINE#         21
  C:0112H         LINE#         23
  C:0112H         LINE#         24
  C:0114H         LINE#         25
  C:0116H         LINE#         26
  C:011BH         LINE#         27
  C:011DH         LINE#         28
  -------         ENDPROC       _DELAY
  -------         ENDMOD        DELAY

Program Size: data=9.0 xdata=0 code=298
LINK/LOCATE RUN COMPLETE.  0 WARNING(S),  0 ERROR(S)
