C51 COMPILER V9.54   DELAY                                                                 08/28/2025 19:47:56 PAGE 1   


C51 COMPILER V9.54, COMPILATION OF MODULE DELAY
OBJECT MODULE PLACED IN .\Objects\Delay.obj
COMPILER INVOKED BY: D:\Download\Keil uVision5\C51\BIN\C51.EXE Delay.c OPTIMIZE(8,SPEED) BROWSE DEBUG OBJECTEXTEND PRINT
                    -(.\Listings\Delay.lst) TABS(2) OBJECT(.\Objects\Delay.obj)

line level    source

   1          /*
   2          
   3          name:   Delay 函数
   4          param:    x
   5          retval:   无
   6          use to:   延迟 x ms
   7          updatetime: 2025-8-7
   8          
   9          */
  10          
  11          #include <REGX52.H>
  12          
  13          
  14          void Delay(unsigned int x)  // 1ms
  15          {
  16   1        unsigned char data i, j;
  17   1        while(x)
  18   1        {
  19   2          
  20   2          i = 2;
  21   2          j = 199;
  22   2          do
  23   2          {
  24   3            while (--j);
  25   3          } while (--i);
  26   2          x -= 1;
  27   2        }
  28   1      }


MODULE INFORMATION:   STATIC OVERLAYABLE
   CODE SIZE        =     20    ----
   CONSTANT SIZE    =   ----    ----
   XDATA SIZE       =   ----    ----
   PDATA SIZE       =   ----    ----
   DATA SIZE        =   ----    ----
   IDATA SIZE       =   ----    ----
   BIT SIZE         =   ----    ----
END OF MODULE INFORMATION.


C51 COMPILATION COMPLETE.  0 WARNING(S),  0 ERROR(S)
