C51 COMPILER V9.54   INDEPENDENTKEY                                                        08/28/2025 19:47:55 PAGE 1   


C51 COMPILER V9.54, COMPILATION OF MODULE INDEPENDENTKEY
OBJECT MODULE PLACED IN .\Objects\IndependentKey.obj
COMPILER INVOKED BY: D:\Download\Keil uVision5\C51\BIN\C51.EXE IndependentKey.c OPTIMIZE(8,SPEED) BROWSE DEBUG OBJECTEXT
                    -END PRINT(.\Listings\IndependentKey.lst) TABS(2) OBJECT(.\Objects\IndependentKey.obj)

line level    source

   1          /*
   2          
   3          name:     IndependentKey.c
   4          ref:      REGX52.H Delay.h
   5          use to:     检测独立按键的按下与抬起。
   6                  如果按键按下，independentkey 返回对应位置的数字；如果按键未按下，independentk
             -ey 返回 0。
   7          updatetime:   2025-08-10
   8          
   9          */
  10          
  11          #include <REGX52.H>
  12          #include "Delay.h"
  13          
  14          unsigned char independentkey_get()
  15          {
  16   1        unsigned char independentkey = 0;
  17   1        if(P3_1 == 0){Delay(20);while(P3_1 == 0);Delay(20);independentkey = 1;}
  18   1        if(P3_0 == 0){Delay(20);while(P3_0 == 0);Delay(20);independentkey = 2;}
  19   1        if(P3_2 == 0){Delay(20);while(P3_2 == 0);Delay(20);independentkey = 3;}
  20   1        if(P3_3 == 0){Delay(20);while(P3_3 == 0);Delay(20);independentkey = 4;}
  21   1        return independentkey;
  22   1      }


MODULE INFORMATION:   STATIC OVERLAYABLE
   CODE SIZE        =     97    ----
   CONSTANT SIZE    =   ----    ----
   XDATA SIZE       =   ----    ----
   PDATA SIZE       =   ----    ----
   DATA SIZE        =   ----       1
   IDATA SIZE       =   ----    ----
   BIT SIZE         =   ----    ----
END OF MODULE INFORMATION.


C51 COMPILATION COMPLETE.  0 WARNING(S),  0 ERROR(S)
