C51 COMPILER V9.54   LEDSHOW                                                               08/28/2025 19:47:56 PAGE 1   


C51 COMPILER V9.54, COMPILATION OF MODULE LEDSHOW
OBJECT MODULE PLACED IN .\Objects\LEDShow.obj
COMPILER INVOKED BY: D:\Download\Keil uVision5\C51\BIN\C51.EXE LEDShow.c OPTIMIZE(8,SPEED) BROWSE DEBUG OBJECTEXTEND PRI
                    -NT(.\Listings\LEDShow.lst) TABS(2) OBJECT(.\Objects\LEDShow.obj)

line level    source

   1          /*
   2          
   3          name:     LEDShow.c
   4          ref:      REGX52.H
   5          use to:     使用 LED 对输入错误与正确进行表示。
   6          updatetime:   2025-08-09
   7          
   8          */
   9          
  10          #include <REGX52.H>
  11          #include "Delay.h"
  12          
  13          /*
  14          
  15          function name:    LEDInit
  16          param:        none
  17          retval:       none
  18          description:    LED 初始化及重置。
  19          updatetime:     2025-08-10
  20          
  21          */
  22          
  23          void LED_initial()
  24          {
  25   1        P2 = 0xFF;
  26   1      }
  27          
  28          /*
  29          
  30          function name:    LEDshow_error
  31          param:        num_error
  32          retval:       none
  33          description:    密码每错一次，LED 就从 D1 到 D8 依次亮起。
  34          updatetime:     2025-08-10
  35          
  36          */
  37          
  38          void LED_error(unsigned char num_error)
  39          {
  40   1        if(num_error == 1)
  41   1        {
  42   2          P2_0 = 0;
  43   2        }
  44   1        else
  45   1        {
  46   2          P2 = P2 << 1;
  47   2        }
  48   1      }
  49          
  50          /*
  51          
  52          function name:    LEDshow_right
  53          param:        无
  54          retval:       无
C51 COMPILER V9.54   LEDSHOW                                                               08/28/2025 19:47:56 PAGE 2   

  55          description:    密码正确时，LED 的行为。
  56          updatetime:     2025-08-10
  57          
  58          */
  59          
  60          void LED_right()
  61          {
  62   1        P2 = 0xF8;
  63   1        Delay(500);
  64   1        if(P2_7 == 1)
  65   1        {
  66   2          P2 = (P2 << 1) | 0x01;
  67   2        }
  68   1        else
  69   1        {
  70   2          P2 = P2 << 1;
  71   2        }
  72   1      }


MODULE INFORMATION:   STATIC OVERLAYABLE
   CODE SIZE        =     42    ----
   CONSTANT SIZE    =   ----    ----
   XDATA SIZE       =   ----    ----
   PDATA SIZE       =   ----    ----
   DATA SIZE        =   ----    ----
   IDATA SIZE       =   ----    ----
   BIT SIZE         =   ----    ----
END OF MODULE INFORMATION.


C51 COMPILATION COMPLETE.  0 WARNING(S),  0 ERROR(S)
