C51 COMPILER V9.54   PASSWDOPERATOR                                                        08/28/2025 19:47:55 PAGE 1   


C51 COMPILER V9.54, COMPILATION OF MODULE PASSWDOPERATOR
OBJECT MODULE PLACED IN .\Objects\PasswdOperator.obj
COMPILER INVOKED BY: D:\Download\Keil uVision5\C51\BIN\C51.EXE PasswdOperator.c OPTIMIZE(8,SPEED) BROWSE DEBUG OBJECTEXT
                    -END PRINT(.\Listings\PasswdOperator.lst) TABS(2) OBJECT(.\Objects\PasswdOperator.obj)

line level    source

   1          /*
   2          
   3          name:     PasswdOperator.c
   4          ref:      LCDShow.h
   5          used to:    对密码进行一系列操作。
   6          updatetime:   2025-08-08
   7          
   8          */
   9          
  10          /*
  11          
  12          function name:    passwd_input
  13          param:        passwd[6] index num
  14          retval:       none
  15          description:    将 num 输入到 passwd[index]
  16          updatetime:     2025-08-10
  17          
  18          */
  19          
  20          void passwd_input(unsigned char passwd[6],unsigned char index,unsigned char num)
  21          {
  22   1        switch(num)
  23   1        {
  24   2          case 1:passwd[index] = 1;break;
  25   2          case 2:passwd[index] = 2;break;
  26   2          case 3:passwd[index] = 3;break;
  27   2          case 4:passwd[index] = 4;break;
  28   2          case 5:passwd[index] = 5;break;
  29   2          case 6:passwd[index] = 6;break;
  30   2          case 7:passwd[index] = 7;break;
  31   2          case 8:passwd[index] = 8;break;
  32   2          case 9:passwd[index] = 9;break;
  33   2          case 10:passwd[index] = 0;break;
  34   2          default:break;
  35   2        }
  36   1      }
  37          
  38          /*
  39          
  40          function name:    passwd_reset
  41          param:        passwd
  42          retval:       resetflag
  43          description:    重置输入的密码，成功重置 flag_reset 返回 1，失败返回 0。
  44          updatetime:     2025-08-10  
  45          
  46          */
  47          
  48          void passwd_reset(unsigned char passwd[6])
  49          {
  50   1        int i = 0;
  51   1        for (i;i < 6;i++)
  52   1        {
  53   2          passwd[i] = 0;
  54   2        }
C51 COMPILER V9.54   PASSWDOPERATOR                                                        08/28/2025 19:47:55 PAGE 2   

  55   1      }
  56          
  57          /*
  58          
  59          function name:    passwd_match
  60          param:        rightpasswd userpasswd
  61          retval:       state_matched
  62          description:    比较用户输入的密码与正确密码，匹配成功返回 1，失败返回 0。
  63          updatetime:     2025-08-10
  64          
  65          */
  66          
  67          unsigned char passwd_match(unsigned char rightpasswd[6],unsigned char userpasswd[6])
  68          {
  69   1        unsigned char state_matched = 0;
  70   1        int i = 0;
  71   1        for(i;i < 6; i++)
  72   1        {
  73   2          if (userpasswd[i] == rightpasswd[i])
  74   2          {
  75   3            state_matched = 1;
  76   3          }
  77   2          else
  78   2          {
  79   3            state_matched = 0;
  80   3            break;
  81   3          }
  82   2        } 
  83   1        return state_matched;
  84   1      }
  85          
  86          /*
  87          
  88          function name:    passwd_set
  89          param:        oldpasswd newpasswd
  90          retval:       none
  91          description:    更改密码，并重置错误次数,,更改成功返回 1，更改失败返回 0。
  92          updatetime:     2025-08-10
  93          
  94          */
  95          
  96          void passwd_set(unsigned char oldpasswd[6],unsigned char newpasswd[6])
  97          {
  98   1        unsigned char  i = 0;
  99   1        for (i; i < 6;i++)
 100   1        {
 101   2          oldpasswd[i] = newpasswd[i];
 102   2        }
 103   1      }


MODULE INFORMATION:   STATIC OVERLAYABLE
   CODE SIZE        =    356    ----
   CONSTANT SIZE    =   ----    ----
   XDATA SIZE       =   ----    ----
   PDATA SIZE       =   ----    ----
   DATA SIZE        =   ----      21
   IDATA SIZE       =   ----    ----
   BIT SIZE         =   ----    ----
END OF MODULE INFORMATION.


C51 COMPILATION COMPLETE.  0 WARNING(S),  0 ERROR(S)
