BL51 BANKED LINKER/LOCATER V6.22                                                        08/28/2025  19:47:57  PAGE 1


BL51 BANKED LINKER/LOCATER V6.22, INVOKED BY:
D:\DOWNLOAD\KEIL UVISION5\C51\BIN\BL51.EXE .\Objects\PasswdOperator.obj, .\Objects\MatrixKey.obj, .\Objects\IndependentK
>> ey.obj, .\Objects\LEDShow.obj, .\Objects\LCDShow.obj, .\Objects\Delay.obj, .\Objects\LCD1602.obj, .\Objects\main.obj 
>> TO .\Objects\project PRINT (.\Listings\project.m51) RAMSIZE (256) DISABLEWARNING (16)


MEMORY MODEL: SMALL


INPUT MODULES INCLUDED:
  .\Objects\PasswdOperator.obj (PASSWDOPERATOR)
  .\Objects\MatrixKey.obj (MATRIXKEY)
  .\Objects\IndependentKey.obj (INDEPENDENTKEY)
  .\Objects\LEDShow.obj (LEDSHOW)
  .\Objects\LCDShow.obj (LCDSHOW)
  .\Objects\Delay.obj (DELAY)
  .\Objects\LCD1602.obj (LCD1602)
  .\Objects\main.obj (MAIN)
  D:\DOWNLOAD\KEIL UVISION5\C51\LIB\C51S.LIB (?C_STARTUP)
  D:\DOWNLOAD\KEIL UVISION5\C51\LIB\C51S.LIB (?C?COPY)
  D:\DOWNLOAD\KEIL UVISION5\C51\LIB\C51S.LIB (?C?CLDOPTR)
  D:\DOWNLOAD\KEIL UVISION5\C51\LIB\C51S.LIB (?C?CSTOPTR)
  D:\DOWNLOAD\KEIL UVISION5\C51\LIB\C51S.LIB (?C?IMUL)
  D:\DOWNLOAD\KEIL UVISION5\C51\LIB\C51S.LIB (?C?UIDIV)


LINK MAP OF MODULE:  .\Objects\project (PASSWDOPERATOR)


            TYPE    BASE      LENGTH    RELOCATION   SEGMENT NAME
            -----------------------------------------------------

            * * * * * * *   D A T A   M E M O R Y   * * * * * * *
            REG     0000H     0008H     ABSOLUTE     "REG BANK 0"
            DATA    0008H     001EH     UNIT         _DATA_GROUP_
            DATA    0026H     0007H     UNIT         ?DT?_LCD_SHOWSIGNEDNUM?LCD1602
            DATA    002DH     0006H     UNIT         ?DT?_PASSWD_SET?PASSWDOPERATOR
            DATA    0033H     0005H     UNIT         ?DT?_LCD_SHOWNUM?LCD1602
            DATA    0038H     0005H     UNIT         ?DT?_LCD_SHOWHEXNUM?LCD1602
            DATA    003DH     0005H     UNIT         ?DT?_LCD_SHOWBINNUM?LCD1602
            DATA    0042H     0004H     UNIT         ?DT?_LCD_POW?LCD1602
            IDATA   0046H     0001H     UNIT         ?STACK

            * * * * * * *   C O D E   M E M O R Y   * * * * * * *
            CODE    0000H     0003H     ABSOLUTE     
            CODE    0003H     02ABH     UNIT         ?PR?MAIN?MAIN
            CODE    02AEH     01ACH     UNIT         ?C?LIB_CODE
            CODE    045AH     0189H     UNIT         ?PR?MATRIXKEY_GET?MATRIXKEY
            CODE    05E3H     00D7H     UNIT         ?PR?_PASSWD_INPUT?PASSWDOPERATOR
            CODE    06BAH     00C2H     UNIT         ?CO?LCDSHOW
            CODE    077CH     0061H     UNIT         ?PR?INDEPENDENTKEY_GET?INDEPENDENTKEY
            CODE    07DDH     0041H     UNIT         ?PR?_PASSWD_MATCH?PASSWDOPERATOR
            CODE    081EH     003AH     UNIT         ?PR?_LCD_OLDPASSWD_SET?LCDSHOW
            CODE    0858H     003AH     UNIT         ?PR?_LCD_NEWPASSWD_SET?LCDSHOW
            CODE    0892H     003AH     UNIT         ?PR?_LCD_NEWPASSWD_AGAIN?LCDSHOW
            CODE    08CCH     003AH     UNIT         ?PR?_LCD_SHOWSIGNEDNUM?LCD1602
            CODE    0906H     0039H     UNIT         ?PR?_LCD_SHOWHEXNUM?LCD1602
            CODE    093FH     0038H     UNIT         ?PR?_LCD_SHOWBINNUM?LCD1602
BL51 BANKED LINKER/LOCATER V6.22                                                      08/28/2025  19:47:57  PAGE 2


            CODE    0977H     0033H     UNIT         ?PR?_LCD_POW?LCD1602
            CODE    09AAH     002AH     UNIT         ?PR?_LCD_INPUT?LCDSHOW
            CODE    09D4H     0029H     UNIT         ?PR?_PASSWD_SET?PASSWDOPERATOR
            CODE    09FDH     0023H     UNIT         ?PR?_PASSWD_RESET?PASSWDOPERATOR
            CODE    0A20H     0023H     UNIT         ?PR?_LCD_SHOWSTRING?LCD1602
            CODE    0A43H     001EH     UNIT         ?PR?_LCD_WRITEDATA?LCD1602
            CODE    0A61H     001DH     UNIT         ?PR?LCD_INITIAL?LCDSHOW
            CODE    0A7EH     001DH     UNIT         ?PR?LCD_RIGHT?LCDSHOW
            CODE    0A9BH     001DH     UNIT         ?PR?LCD_ERROR0?LCDSHOW
            CODE    0AB8H     001DH     UNIT         ?PR?LCD_ERROR1?LCDSHOW
            CODE    0AD5H     001DH     UNIT         ?PR?LCD_SET_OK?LCDSHOW
            CODE    0AF2H     001DH     UNIT         ?PR?LCD_LOCKED?LCDSHOW
            CODE    0B0FH     001DH     UNIT         ?PR?LCD_UNLOCKED?LCDSHOW
            CODE    0B2CH     001DH     UNIT         ?PR?LCD_DOWN?LCDSHOW
            CODE    0B49H     001DH     UNIT         ?PR?_LCD_SHOWNUM?LCD1602
            CODE    0B66H     0019H     UNIT         ?PR?LED_RIGHT?LEDSHOW
            CODE    0B7FH     0016H     UNIT         ?PR?_LCD_SETCURSOR?LCD1602
            CODE    0B95H     0014H     UNIT         ?PR?_DELAY?DELAY
            CODE    0BA9H     0014H     UNIT         ?PR?LCD_INIT?LCD1602
            CODE    0BBDH     000FH     UNIT         ?PR?LCD_DELAY?LCD1602
            CODE    0BCCH     000DH     UNIT         ?PR?_LED_ERROR?LEDSHOW
            CODE    0BD9H     000CH     UNIT         ?CO?MAIN
            CODE    0BE5H     000CH     UNIT         ?C_C51STARTUP
            CODE    0BF1H     000AH     UNIT         ?PR?_LCD_WRITECOMMAND?LCD1602
            CODE    0BFBH     000AH     UNIT         ?PR?_LCD_SHOWCHAR?LCD1602
            CODE    0C05H     0004H     UNIT         ?PR?LED_INITIAL?LEDSHOW



OVERLAY MAP OF MODULE:   .\Objects\project (PASSWDOPERATOR)


SEGMENT                                         DATA_GROUP 
  +--> CALLED SEGMENT                         START    LENGTH
-------------------------------------------------------------
?C_C51STARTUP                                 -----    -----
  +--> ?PR?MAIN?MAIN

?PR?MAIN?MAIN                                 0008H    0017H
  +--> ?CO?MAIN
  +--> ?PR?LCD_INITIAL?LCDSHOW
  +--> ?PR?LED_INITIAL?LEDSHOW
  +--> ?PR?_PASSWD_RESET?PASSWDOPERATOR
  +--> ?PR?_LCD_INPUT?LCDSHOW
  +--> ?PR?INDEPENDENTKEY_GET?INDEPENDENTKEY
  +--> ?PR?MATRIXKEY_GET?MATRIXKEY
  +--> ?PR?_PASSWD_INPUT?PASSWDOPERATOR
  +--> ?PR?LCD_ERROR1?LCDSHOW
  +--> ?PR?_LED_ERROR?LEDSHOW
  +--> ?PR?_DELAY?DELAY
  +--> ?PR?LCD_LOCKED?LCDSHOW
  +--> ?PR?LCD_UNLOCKED?LCDSHOW
  +--> ?PR?_LCD_OLDPASSWD_SET?LCDSHOW
  +--> ?PR?_PASSWD_MATCH?PASSWDOPERATOR
  +--> ?PR?LCD_ERROR0?LCDSHOW
  +--> ?PR?_LCD_NEWPASSWD_SET?LCDSHOW
  +--> ?PR?_LCD_NEWPASSWD_AGAIN?LCDSHOW
BL51 BANKED LINKER/LOCATER V6.22                                                      08/28/2025  19:47:57  PAGE 3


  +--> ?PR?LCD_SET_OK?LCDSHOW
  +--> ?PR?LCD_RIGHT?LCDSHOW
  +--> ?PR?LCD_DOWN?LCDSHOW

?PR?LCD_INITIAL?LCDSHOW                       -----    -----
  +--> ?PR?LCD_INIT?LCD1602
  +--> ?CO?LCDSHOW
  +--> ?PR?_LCD_SHOWSTRING?LCD1602

?PR?LCD_INIT?LCD1602                          -----    -----
  +--> ?PR?_LCD_WRITECOMMAND?LCD1602

?PR?_LCD_WRITECOMMAND?LCD1602                 -----    -----
  +--> ?PR?LCD_DELAY?LCD1602

?PR?_LCD_SHOWSTRING?LCD1602                   0021H    0003H
  +--> ?PR?_LCD_SETCURSOR?LCD1602
  +--> ?PR?_LCD_WRITEDATA?LCD1602

?PR?_LCD_SETCURSOR?LCD1602                    -----    -----
  +--> ?PR?_LCD_WRITECOMMAND?LCD1602

?PR?_LCD_WRITEDATA?LCD1602                    -----    -----
  +--> ?PR?LCD_DELAY?LCD1602

?PR?_PASSWD_RESET?PASSWDOPERATOR              001FH    0003H

?PR?_LCD_INPUT?LCDSHOW                        001FH    0002H
  +--> ?PR?LCD_INIT?LCD1602
  +--> ?CO?LCDSHOW
  +--> ?PR?_LCD_SHOWSTRING?LCD1602
  +--> ?PR?_LCD_SHOWCHAR?LCD1602

?PR?_LCD_SHOWCHAR?LCD1602                     -----    -----
  +--> ?PR?_LCD_SETCURSOR?LCD1602
  +--> ?PR?_LCD_WRITEDATA?LCD1602

?PR?INDEPENDENTKEY_GET?INDEPENDENTKEY         001FH    0001H
  +--> ?PR?_DELAY?DELAY

?PR?MATRIXKEY_GET?MATRIXKEY                   001FH    0001H
  +--> ?PR?_DELAY?DELAY

?PR?_PASSWD_INPUT?PASSWDOPERATOR              001FH    0005H

?PR?LCD_ERROR1?LCDSHOW                        -----    -----
  +--> ?PR?LCD_INIT?LCD1602
  +--> ?CO?LCDSHOW
  +--> ?PR?_LCD_SHOWSTRING?LCD1602

?PR?LCD_LOCKED?LCDSHOW                        -----    -----
  +--> ?PR?LCD_INIT?LCD1602
  +--> ?CO?LCDSHOW
  +--> ?PR?_LCD_SHOWSTRING?LCD1602

?PR?LCD_UNLOCKED?LCDSHOW                      -----    -----
  +--> ?PR?LCD_INIT?LCD1602
BL51 BANKED LINKER/LOCATER V6.22                                                      08/28/2025  19:47:57  PAGE 4


  +--> ?CO?LCDSHOW
  +--> ?PR?_LCD_SHOWSTRING?LCD1602

?PR?_LCD_OLDPASSWD_SET?LCDSHOW                001FH    0002H
  +--> ?PR?LCD_INIT?LCD1602
  +--> ?CO?LCDSHOW
  +--> ?PR?_LCD_SHOWSTRING?LCD1602
  +--> ?PR?_LCD_SHOWCHAR?LCD1602

?PR?_PASSWD_MATCH?PASSWDOPERATOR              001FH    0007H

?PR?LCD_ERROR0?LCDSHOW                        -----    -----
  +--> ?PR?LCD_INIT?LCD1602
  +--> ?CO?LCDSHOW
  +--> ?PR?_LCD_SHOWSTRING?LCD1602

?PR?_LCD_NEWPASSWD_SET?LCDSHOW                001FH    0002H
  +--> ?PR?LCD_INIT?LCD1602
  +--> ?CO?LCDSHOW
  +--> ?PR?_LCD_SHOWSTRING?LCD1602
  +--> ?PR?_LCD_SHOWCHAR?LCD1602

?PR?_LCD_NEWPASSWD_AGAIN?LCDSHOW              001FH    0002H
  +--> ?PR?LCD_INIT?LCD1602
  +--> ?CO?LCDSHOW
  +--> ?PR?_LCD_SHOWSTRING?LCD1602
  +--> ?PR?_LCD_SHOWCHAR?LCD1602

?PR?LCD_SET_OK?LCDSHOW                        -----    -----
  +--> ?PR?LCD_INIT?LCD1602
  +--> ?CO?LCDSHOW
  +--> ?PR?_LCD_SHOWSTRING?LCD1602

?PR?LCD_RIGHT?LCDSHOW                         -----    -----
  +--> ?PR?LCD_INIT?LCD1602
  +--> ?CO?LCDSHOW
  +--> ?PR?_LCD_SHOWSTRING?LCD1602

?PR?LCD_DOWN?LCDSHOW                          -----    -----
  +--> ?PR?LCD_INIT?LCD1602
  +--> ?CO?LCDSHOW
  +--> ?PR?_LCD_SHOWSTRING?LCD1602



SYMBOL TABLE OF MODULE:  .\Objects\project (PASSWDOPERATOR)

  VALUE           TYPE          NAME
  ----------------------------------

  -------         MODULE        PASSWDOPERATOR
  C:0000H         SYMBOL        _ICE_DUMMY_
  C:07DDH         PUBLIC        _passwd_match
  C:09FDH         PUBLIC        _passwd_reset
  C:05E3H         PUBLIC        _passwd_input
  C:09D4H         PUBLIC        _passwd_set
  -------         PROC          _PASSWD_INPUT
BL51 BANKED LINKER/LOCATER V6.22                                                      08/28/2025  19:47:57  PAGE 5


  D:001FH         SYMBOL        passwd
  D:0005H         SYMBOL        index
  D:0023H         SYMBOL        num
  C:05E3H         LINE#         20
  C:05E9H         LINE#         21
  C:05E9H         LINE#         22
  C:0620H         LINE#         23
  C:0620H         LINE#         24
  C:0630H         LINE#         25
  C:063FH         LINE#         26
  C:064EH         LINE#         27
  C:065DH         LINE#         28
  C:066CH         LINE#         29
  C:067BH         LINE#         30
  C:068AH         LINE#         31
  C:0699H         LINE#         32
  C:06A8H         LINE#         33
  C:06B9H         LINE#         34
  C:06B9H         LINE#         35
  C:06B9H         LINE#         36
  -------         ENDPROC       _PASSWD_INPUT
  -------         PROC          _PASSWD_RESET
  D:001FH         SYMBOL        passwd
  -------         DO            
  D:0006H         SYMBOL        i
  -------         ENDDO         
  C:09FDH         LINE#         48
  C:0A03H         LINE#         49
  C:0A03H         LINE#         50
  C:0A06H         LINE#         51
  C:0A06H         LINE#         52
  C:0A06H         LINE#         53
  C:0A14H         LINE#         54
  C:0A1FH         LINE#         55
  -------         ENDPROC       _PASSWD_RESET
  -------         PROC          _PASSWD_MATCH
  D:001FH         SYMBOL        rightpasswd
  D:0022H         SYMBOL        userpasswd
  -------         DO            
  D:0025H         SYMBOL        state_matched
  D:0006H         SYMBOL        i
  -------         ENDDO         
  C:07DDH         LINE#         67
  C:07E3H         LINE#         68
  C:07E3H         LINE#         69
  C:07E6H         LINE#         70
  C:07E8H         LINE#         71
  C:07E8H         LINE#         72
  C:07E8H         LINE#         73
  C:0806H         LINE#         74
  C:0806H         LINE#         75
  C:0809H         LINE#         76
  C:080BH         LINE#         78
  C:080BH         LINE#         79
  C:080EH         LINE#         80
  C:0810H         LINE#         81
  C:0810H         LINE#         82
BL51 BANKED LINKER/LOCATER V6.22                                                      08/28/2025  19:47:57  PAGE 6


  C:081BH         LINE#         83
  C:081DH         LINE#         84
  -------         ENDPROC       _PASSWD_MATCH
  -------         PROC          _PASSWD_SET
  D:002DH         SYMBOL        oldpasswd
  D:0030H         SYMBOL        newpasswd
  -------         DO            
  D:0007H         SYMBOL        i
  -------         ENDDO         
  C:09D4H         LINE#         96
  C:09DAH         LINE#         97
  C:09DAH         LINE#         98
  C:09DCH         LINE#         99
  C:09DCH         LINE#         100
  C:09DCH         LINE#         101
  C:09F8H         LINE#         102
  C:09FCH         LINE#         103
  -------         ENDPROC       _PASSWD_SET
  -------         ENDMOD        PASSWDOPERATOR

  -------         MODULE        MATRIXKEY
  C:0000H         SYMBOL        _ICE_DUMMY_
  D:0090H         PUBLIC        P1
  C:045AH         PUBLIC        matrixkey_get
  B:0090H.0       PUBLIC        P1_0
  B:0090H.1       PUBLIC        P1_1
  B:0090H.2       PUBLIC        P1_2
  B:0090H.3       PUBLIC        P1_3
  B:0090H.4       PUBLIC        P1_4
  B:0090H.5       PUBLIC        P1_5
  B:0090H.6       PUBLIC        P1_6
  B:0090H.7       PUBLIC        P1_7
  -------         PROC          MATRIXKEY_GET
  -------         DO            
  D:001FH         SYMBOL        matrixkey
  -------         ENDDO         
  C:045AH         LINE#         24
  C:045AH         LINE#         25
  C:045AH         LINE#         26
  C:045DH         LINE#         29
  C:0460H         LINE#         30
  C:0462H         LINE#         31
  C:0478H         LINE#         32
  C:048FH         LINE#         33
  C:04A6H         LINE#         34
  C:04BDH         LINE#         36
  C:04C0H         LINE#         37
  C:04C2H         LINE#         38
  C:04D9H         LINE#         39
  C:04F0H         LINE#         40
  C:0507H         LINE#         41
  C:051EH         LINE#         43
  C:0521H         LINE#         44
  C:0523H         LINE#         45
  C:053AH         LINE#         46
  C:0551H         LINE#         47
  C:0568H         LINE#         48
BL51 BANKED LINKER/LOCATER V6.22                                                      08/28/2025  19:47:57  PAGE 7


  C:057FH         LINE#         50
  C:0582H         LINE#         51
  C:0584H         LINE#         52
  C:059BH         LINE#         53
  C:05B2H         LINE#         54
  C:05C9H         LINE#         55
  C:05E0H         LINE#         57
  C:05E2H         LINE#         58
  -------         ENDPROC       MATRIXKEY_GET
  -------         ENDMOD        MATRIXKEY

  -------         MODULE        INDEPENDENTKEY
  C:0000H         SYMBOL        _ICE_DUMMY_
  C:077CH         PUBLIC        independentkey_get
  B:00B0H.0       PUBLIC        P3_0
  B:00B0H.1       PUBLIC        P3_1
  B:00B0H.2       PUBLIC        P3_2
  B:00B0H.3       PUBLIC        P3_3
  -------         PROC          INDEPENDENTKEY_GET
  -------         DO            
  D:001FH         SYMBOL        independentkey
  -------         ENDDO         
  C:077CH         LINE#         14
  C:077CH         LINE#         15
  C:077CH         LINE#         16
  C:077FH         LINE#         17
  C:0795H         LINE#         18
  C:07ACH         LINE#         19
  C:07C3H         LINE#         20
  C:07DAH         LINE#         21
  C:07DCH         LINE#         22
  -------         ENDPROC       INDEPENDENTKEY_GET
  -------         ENDMOD        INDEPENDENTKEY

  -------         MODULE        LEDSHOW
  C:0000H         SYMBOL        _ICE_DUMMY_
  D:00A0H         PUBLIC        P2
  B:00A0H.0       PUBLIC        P2_0
  B:00A0H.7       PUBLIC        P2_7
  C:0C05H         PUBLIC        LED_initial
  C:0B66H         PUBLIC        LED_right
  C:0BCCH         PUBLIC        _LED_error
  -------         PROC          LED_INITIAL
  C:0C05H         LINE#         23
  C:0C05H         LINE#         24
  C:0C05H         LINE#         25
  C:0C08H         LINE#         26
  -------         ENDPROC       LED_INITIAL
  -------         PROC          _LED_ERROR
  D:0007H         SYMBOL        num_error
  C:0BCCH         LINE#         38
  C:0BCCH         LINE#         39
  C:0BCCH         LINE#         40
  C:0BCFH         LINE#         41
  C:0BCFH         LINE#         42
  C:0BD1H         LINE#         43
  C:0BD2H         LINE#         45
BL51 BANKED LINKER/LOCATER V6.22                                                      08/28/2025  19:47:57  PAGE 8


  C:0BD2H         LINE#         46
  C:0BD8H         LINE#         47
  C:0BD8H         LINE#         48
  -------         ENDPROC       _LED_ERROR
  -------         PROC          LED_RIGHT
  C:0B66H         LINE#         60
  C:0B66H         LINE#         61
  C:0B66H         LINE#         62
  C:0B69H         LINE#         63
  C:0B70H         LINE#         64
  C:0B77H         LINE#         65
  C:0B77H         LINE#         66
  C:0B7BH         LINE#         67
  C:0B7CH         LINE#         69
  C:0B7CH         LINE#         70
  C:0B7EH         LINE#         71
  C:0B7EH         LINE#         72
  -------         ENDPROC       LED_RIGHT
  -------         ENDMOD        LEDSHOW

  -------         MODULE        LCDSHOW
  C:0000H         SYMBOL        _ICE_DUMMY_
  C:0B0FH         PUBLIC        LCD_unlocked
  C:0A9BH         PUBLIC        LCD_error0
  C:0AB8H         PUBLIC        LCD_error1
  C:0A61H         PUBLIC        LCD_initial
  C:0AF2H         PUBLIC        LCD_locked
  C:081EH         PUBLIC        _LCD_oldpasswd_set
  C:0858H         PUBLIC        _LCD_newpasswd_set
  C:0A7EH         PUBLIC        LCD_right
  C:09AAH         PUBLIC        _LCD_input
  C:0B2CH         PUBLIC        LCD_down
  C:0892H         PUBLIC        _LCD_newpasswd_again
  C:0AD5H         PUBLIC        LCD_set_OK
  -------         PROC          LCD_INITIAL
  C:0A61H         LINE#         21
  C:0A61H         LINE#         22
  C:0A61H         LINE#         23
  C:0A64H         LINE#         24
  C:0A71H         LINE#         25
  -------         ENDPROC       LCD_INITIAL
  -------         PROC          _LCD_INPUT
  D:001FH         SYMBOL        index
  -------         DO            
  D:0020H         SYMBOL        i
  -------         ENDDO         
  C:09AAH         LINE#         38
  C:09ACH         LINE#         39
  C:09ACH         LINE#         40
  C:09AFH         LINE#         41
  C:09B2H         LINE#         42
  C:09BFH         LINE#         43
  C:09C6H         LINE#         44
  C:09C6H         LINE#         45
  C:09CFH         LINE#         46
  C:09D3H         LINE#         47
  -------         ENDPROC       _LCD_INPUT
BL51 BANKED LINKER/LOCATER V6.22                                                      08/28/2025  19:47:57  PAGE 9


  -------         PROC          LCD_RIGHT
  C:0A7EH         LINE#         59
  C:0A7EH         LINE#         60
  C:0A7EH         LINE#         61
  C:0A81H         LINE#         62
  C:0A8EH         LINE#         63
  -------         ENDPROC       LCD_RIGHT
  -------         PROC          LCD_ERROR0
  C:0A9BH         LINE#         76
  C:0A9BH         LINE#         77
  C:0A9BH         LINE#         78
  C:0A9EH         LINE#         79
  C:0AABH         LINE#         80
  -------         ENDPROC       LCD_ERROR0
  -------         PROC          LCD_ERROR1
  C:0AB8H         LINE#         93
  C:0AB8H         LINE#         94
  C:0AB8H         LINE#         95
  C:0ABBH         LINE#         96
  C:0AC8H         LINE#         97
  -------         ENDPROC       LCD_ERROR1
  -------         PROC          _LCD_OLDPASSWD_SET
  D:001FH         SYMBOL        passwd_index
  -------         DO            
  D:0020H         SYMBOL        i
  -------         ENDDO         
  C:081EH         LINE#         110
  C:0820H         LINE#         111
  C:0820H         LINE#         112
  C:0823H         LINE#         113
  C:0826H         LINE#         114
  C:0833H         LINE#         115
  C:0840H         LINE#         116
  C:0847H         LINE#         117
  C:0847H         LINE#         118
  C:0853H         LINE#         119
  C:0857H         LINE#         120
  -------         ENDPROC       _LCD_OLDPASSWD_SET
  -------         PROC          _LCD_NEWPASSWD_SET
  D:001FH         SYMBOL        passwd_index
  -------         DO            
  D:0020H         SYMBOL        i
  -------         ENDDO         
  C:0858H         LINE#         132
  C:085AH         LINE#         133
  C:085AH         LINE#         134
  C:085DH         LINE#         135
  C:0860H         LINE#         136
  C:086DH         LINE#         137
  C:087AH         LINE#         138
  C:0881H         LINE#         139
  C:0881H         LINE#         140
  C:088DH         LINE#         141
  C:0891H         LINE#         142
  -------         ENDPROC       _LCD_NEWPASSWD_SET
  -------         PROC          _LCD_NEWPASSWD_AGAIN
  D:001FH         SYMBOL        passwd_index
BL51 BANKED LINKER/LOCATER V6.22                                                      08/28/2025  19:47:57  PAGE 10


  -------         DO            
  D:0020H         SYMBOL        i
  -------         ENDDO         
  C:0892H         LINE#         154
  C:0894H         LINE#         155
  C:0894H         LINE#         156
  C:0897H         LINE#         157
  C:089AH         LINE#         158
  C:08A7H         LINE#         159
  C:08B4H         LINE#         161
  C:08BBH         LINE#         162
  C:08BBH         LINE#         163
  C:08C7H         LINE#         164
  C:08CBH         LINE#         165
  -------         ENDPROC       _LCD_NEWPASSWD_AGAIN
  -------         PROC          LCD_SET_OK
  C:0AD5H         LINE#         177
  C:0AD5H         LINE#         178
  C:0AD5H         LINE#         179
  C:0AD8H         LINE#         180
  C:0AE5H         LINE#         181
  -------         ENDPROC       LCD_SET_OK
  -------         PROC          LCD_LOCKED
  C:0AF2H         LINE#         195
  C:0AF2H         LINE#         196
  C:0AF2H         LINE#         197
  C:0AF5H         LINE#         198
  C:0B02H         LINE#         199
  -------         ENDPROC       LCD_LOCKED
  -------         PROC          LCD_UNLOCKED
  C:0B0FH         LINE#         213
  C:0B0FH         LINE#         214
  C:0B0FH         LINE#         215
  C:0B12H         LINE#         216
  C:0B1FH         LINE#         217
  -------         ENDPROC       LCD_UNLOCKED
  -------         PROC          LCD_DOWN
  C:0B2CH         LINE#         230
  C:0B2CH         LINE#         231
  C:0B2CH         LINE#         232
  C:0B2FH         LINE#         233
  C:0B3CH         LINE#         234
  -------         ENDPROC       LCD_DOWN
  -------         ENDMOD        LCDSHOW

  -------         MODULE        DELAY
  C:0000H         SYMBOL        _ICE_DUMMY_
  C:0B95H         PUBLIC        _Delay
  -------         PROC          _DELAY
  D:0006H         SYMBOL        x
  -------         DO            
  D:0005H         SYMBOL        i
  D:0004H         SYMBOL        j
  -------         ENDDO         
  C:0B95H         LINE#         14
  C:0B95H         LINE#         15
  C:0B95H         LINE#         17
BL51 BANKED LINKER/LOCATER V6.22                                                      08/28/2025  19:47:57  PAGE 11


  C:0B99H         LINE#         18
  C:0B99H         LINE#         20
  C:0B9BH         LINE#         21
  C:0B9DH         LINE#         23
  C:0B9DH         LINE#         24
  C:0B9FH         LINE#         25
  C:0BA1H         LINE#         26
  C:0BA6H         LINE#         27
  C:0BA8H         LINE#         28
  -------         ENDPROC       _DELAY
  -------         ENDMOD        DELAY

  -------         MODULE        LCD1602
  C:0000H         SYMBOL        _ICE_DUMMY_
  D:0080H         PUBLIC        P0
  D:00A0H         PUBLIC        P2
  C:0BF1H         PUBLIC        _LCD_WriteCommand
  C:0B49H         PUBLIC        _LCD_ShowNum
  C:093FH         PUBLIC        _LCD_ShowBinNum
  C:0BC3H         PUBLIC        LCD_Delay
  C:0906H         PUBLIC        _LCD_ShowHexNum
  C:0A57H         PUBLIC        _LCD_WriteData
  B:00A0H.7       PUBLIC        LCD_EN
  C:0BA9H         PUBLIC        LCD_Init
  C:0A20H         PUBLIC        _LCD_ShowString
  C:0BFBH         PUBLIC        _LCD_ShowChar
  B:00A0H.6       PUBLIC        LCD_RS
  B:00A0H.5       PUBLIC        LCD_RW
  C:0B7FH         PUBLIC        _LCD_SetCursor
  C:08CCH         PUBLIC        _LCD_ShowSignedNum
  C:0983H         PUBLIC        _LCD_Pow
  -------         PROC          L?0048
  -------         ENDPROC       L?0048
  -------         PROC          LCD_DELAY
  -------         DO            
  D:0007H         SYMBOL        i
  D:0006H         SYMBOL        j
  -------         ENDDO         
  C:0BC3H         LINE#         26
  C:0BC3H         LINE#         27
  C:0BC3H         LINE#         30
  C:0BC5H         LINE#         31
  C:0BC7H         LINE#         33
  C:0BC7H         LINE#         34
  C:0BC9H         LINE#         35
  C:0BCBH         LINE#         36
  -------         ENDPROC       LCD_DELAY
  -------         PROC          _LCD_WRITECOMMAND
  D:0007H         SYMBOL        Command
  C:0BF1H         LINE#         43
  C:0BF1H         LINE#         44
  C:0BF1H         LINE#         45
  C:0BF3H         LINE#         46
  C:0BF3H         LINE#         47
  C:0BF3H         LINE#         48
  C:0BF3H         LINE#         49
  C:0BF6H         LINE#         50
BL51 BANKED LINKER/LOCATER V6.22                                                      08/28/2025  19:47:57  PAGE 12


  C:0BF8H         LINE#         51
  -------         ENDPROC       _LCD_WRITECOMMAND
  -------         PROC          L?0047
  -------         ENDPROC       L?0047
  -------         PROC          _LCD_WRITEDATA
  D:0007H         SYMBOL        Data
  C:0A57H         LINE#         59
  C:0A57H         LINE#         60
  C:0A57H         LINE#         61
  C:0A59H         LINE#         62
  C:0A59H         LINE#         63
  C:0A59H         LINE#         64
  C:0A59H         LINE#         65
  C:0A5CH         LINE#         66
  C:0A5EH         LINE#         67
  -------         ENDPROC       _LCD_WRITEDATA
  -------         PROC          _LCD_SETCURSOR
  D:0006H         SYMBOL        Line
  D:0005H         SYMBOL        Column
  C:0B7FH         LINE#         76
  C:0B81H         LINE#         77
  C:0B81H         LINE#         78
  C:0B84H         LINE#         79
  C:0B84H         LINE#         80
  C:0B86H         LINE#         81
  C:0B88H         LINE#         82
  C:0B8BH         LINE#         83
  C:0B8BH         LINE#         84
  C:0B94H         LINE#         85
  C:0B94H         LINE#         86
  -------         ENDPROC       _LCD_SETCURSOR
  -------         PROC          LCD_INIT
  C:0BA9H         LINE#         93
  C:0BA9H         LINE#         94
  C:0BA9H         LINE#         95
  C:0BAEH         LINE#         96
  C:0BB3H         LINE#         97
  C:0BB8H         LINE#         98
  -------         ENDPROC       LCD_INIT
  -------         PROC          _LCD_SHOWCHAR
  D:0006H         SYMBOL        Line
  D:0005H         SYMBOL        Column
  D:0004H         SYMBOL        Char
  C:0BFBH         LINE#         108
  C:0BFDH         LINE#         109
  C:0BFDH         LINE#         110
  C:0C00H         LINE#         111
  -------         ENDPROC       _LCD_SHOWCHAR
  -------         PROC          _LCD_SHOWSTRING
  D:0007H         SYMBOL        Line
  D:0005H         SYMBOL        Column
  D:0021H         SYMBOL        String
  -------         DO            
  D:0005H         SYMBOL        i
  -------         ENDDO         
  C:0A20H         LINE#         121
  C:0A26H         LINE#         122
BL51 BANKED LINKER/LOCATER V6.22                                                      08/28/2025  19:47:57  PAGE 13


  C:0A26H         LINE#         124
  C:0A29H         LINE#         125
  C:0A3CH         LINE#         126
  C:0A3CH         LINE#         127
  C:0A3FH         LINE#         128
  C:0A42H         LINE#         129
  -------         ENDPROC       _LCD_SHOWSTRING
  C:0979H         SYMBOL        L?0046
  -------         PROC          L?0045
  -------         ENDPROC       L?0045
  C:0979H         SYMBOL        L?0046
  -------         PROC          _LCD_POW
  D:0042H         SYMBOL        X
  D:0044H         SYMBOL        Y
  -------         DO            
  D:0003H         SYMBOL        i
  D:0006H         SYMBOL        Result
  -------         ENDDO         
  C:0983H         LINE#         134
  C:098BH         LINE#         135
  C:098BH         LINE#         137
  C:098FH         LINE#         138
  C:099FH         LINE#         139
  C:099FH         LINE#         140
  C:09A6H         LINE#         141
  C:09A9H         LINE#         142
  C:09A9H         LINE#         143
  -------         ENDPROC       _LCD_POW
  -------         PROC          _LCD_SHOWNUM
  D:0007H         SYMBOL        Line
  D:0005H         SYMBOL        Column
  D:0035H         SYMBOL        Number
  D:0037H         SYMBOL        Length
  -------         DO            
  D:0002H         SYMBOL        i
  -------         ENDDO         
  C:0B49H         LINE#         153
  C:0B4DH         LINE#         154
  C:0B4DH         LINE#         156
  C:0B50H         LINE#         157
  C:0B58H         LINE#         158
  C:0B58H         LINE#         159
  C:0B62H         LINE#         160
  C:0B65H         LINE#         161
  -------         ENDPROC       _LCD_SHOWNUM
  -------         PROC          _LCD_SHOWSIGNEDNUM
  D:0007H         SYMBOL        Line
  D:0005H         SYMBOL        Column
  D:0002H         SYMBOL        Number
  D:002AH         SYMBOL        Length
  -------         DO            
  D:0002H         SYMBOL        i
  D:002BH         SYMBOL        Number1
  -------         ENDDO         
  C:08CCH         LINE#         171
  C:08CCH         LINE#         172
  C:08CCH         LINE#         175
BL51 BANKED LINKER/LOCATER V6.22                                                      08/28/2025  19:47:57  PAGE 14


  C:08CFH         LINE#         176
  C:08D7H         LINE#         177
  C:08D7H         LINE#         178
  C:08DCH         LINE#         179
  C:08E0H         LINE#         180
  C:08E2H         LINE#         182
  C:08E2H         LINE#         183
  C:08E7H         LINE#         184
  C:08F0H         LINE#         185
  C:08F0H         LINE#         186
  C:08F8H         LINE#         187
  C:08F8H         LINE#         188
  C:0902H         LINE#         189
  C:0905H         LINE#         190
  -------         ENDPROC       _LCD_SHOWSIGNEDNUM
  -------         PROC          _LCD_SHOWHEXNUM
  D:0007H         SYMBOL        Line
  D:0005H         SYMBOL        Column
  D:003AH         SYMBOL        Number
  D:003CH         SYMBOL        Length
  -------         DO            
  D:0002H         SYMBOL        i
  D:0006H         SYMBOL        SingleNumber
  -------         ENDDO         
  C:0906H         LINE#         200
  C:090AH         LINE#         201
  C:090AH         LINE#         203
  C:090DH         LINE#         204
  C:0915H         LINE#         205
  C:0915H         LINE#         206
  C:092BH         LINE#         207
  C:0931H         LINE#         208
  C:0931H         LINE#         209
  C:0933H         LINE#         210
  C:0935H         LINE#         212
  C:0935H         LINE#         213
  C:093BH         LINE#         214
  C:093BH         LINE#         215
  C:093EH         LINE#         216
  -------         ENDPROC       _LCD_SHOWHEXNUM
  -------         PROC          _LCD_SHOWBINNUM
  D:0007H         SYMBOL        Line
  D:0005H         SYMBOL        Column
  D:003FH         SYMBOL        Number
  D:0041H         SYMBOL        Length
  -------         DO            
  D:0002H         SYMBOL        i
  -------         ENDDO         
  C:093FH         LINE#         226
  C:0943H         LINE#         227
  C:0943H         LINE#         229
  C:0946H         LINE#         230
  C:094EH         LINE#         231
  C:094EH         LINE#         232
  C:0973H         LINE#         233
  C:0976H         LINE#         234
  -------         ENDPROC       _LCD_SHOWBINNUM
BL51 BANKED LINKER/LOCATER V6.22                                                      08/28/2025  19:47:57  PAGE 15


  -------         ENDMOD        LCD1602

  -------         MODULE        MAIN
  C:0000H         SYMBOL        _ICE_DUMMY_
  C:0003H         PUBLIC        main
  C:0BD9H         SYMBOL        _?ix1000
  C:0BDFH         SYMBOL        _?ix1001
  -------         PROC          MAIN
  -------         DO            
  D:0008H         SYMBOL        oripasswd
  D:000EH         SYMBOL        userpasswd
  D:0014H         SYMBOL        independentkey
  D:0015H         SYMBOL        matrixkey
  D:0016H         SYMBOL        count_error
  D:0017H         SYMBOL        count_passwd
  D:0018H         SYMBOL        count_set
  D:0019H         SYMBOL        flag_match
  D:001AH         SYMBOL        flag_input
  D:001BH         SYMBOL        flag_locked
  D:001CH         SYMBOL        flag_falseok
  D:001DH         SYMBOL        flag_reset
  D:001EH         SYMBOL        flag_set
  -------         ENDDO         
  C:0003H         LINE#         43
  C:0003H         LINE#         44
  C:0003H         LINE#         46
  C:0016H         LINE#         48
  C:0029H         LINE#         50
  C:002CH         LINE#         52
  C:002EH         LINE#         54
  C:0030H         LINE#         56
  C:0032H         LINE#         58
  C:0034H         LINE#         60
  C:0036H         LINE#         62
  C:0038H         LINE#         64
  C:003AH         LINE#         66
  C:003CH         LINE#         68
  C:003EH         LINE#         70
  C:0040H         LINE#         74
  C:0043H         LINE#         76
  C:0046H         LINE#         79
  C:0049H         LINE#         82
  C:0053H         LINE#         83
  C:0053H         LINE#         85
  C:0056H         LINE#         86
  C:0058H         LINE#         87
  C:005AH         LINE#         88
  C:005CH         LINE#         89
  C:005EH         LINE#         90
  C:0060H         LINE#         92
  C:0063H         LINE#         95
  C:006BH         LINE#         97
  C:0070H         LINE#         99
  C:007AH         LINE#         100
  C:007AH         LINE#         102
  C:007FH         LINE#         104
  C:0091H         LINE#         105
BL51 BANKED LINKER/LOCATER V6.22                                                      08/28/2025  19:47:57  PAGE 16


  C:0091H         LINE#         107
  C:0091H         LINE#         108
  C:0094H         LINE#         109
  C:0096H         LINE#         111
  C:0096H         LINE#         113
  C:0099H         LINE#         114
  C:009BH         LINE#         116
  C:009BH         LINE#         118
  C:009EH         LINE#         119
  C:00A0H         LINE#         121
  C:00A0H         LINE#         123
  C:00A3H         LINE#         124
  C:00A5H         LINE#         126
  C:00A5H         LINE#         128
  C:00A8H         LINE#         129
  C:00A8H         LINE#         130
  C:00A8H         LINE#         133
  C:00ACH         LINE#         134
  C:00ACH         LINE#         136
  C:00B1H         LINE#         138
  C:00BFH         LINE#         139
  C:00BFH         LINE#         141
  C:00CFH         LINE#         143
  C:00D4H         LINE#         145
  C:00D6H         LINE#         146
  C:00D6H         LINE#         148
  C:00D9H         LINE#         149
  C:00D9H         LINE#         151
  C:00DDH         LINE#         152
  C:00DDH         LINE#         154
  C:00E0H         LINE#         156
  C:00E2H         LINE#         158
  C:00E7H         LINE#         160
  C:00EAH         LINE#         162
  C:00F1H         LINE#         164
  C:00F4H         LINE#         165
  C:00F4H         LINE#         167
  C:00F8H         LINE#         168
  C:00F8H         LINE#         170
  C:00FBH         LINE#         172
  C:00FEH         LINE#         173
  C:00FEH         LINE#         175
  C:0102H         LINE#         176
  C:0102H         LINE#         178
  C:0105H         LINE#         180
  C:0109H         LINE#         181
  C:0109H         LINE#         183
  C:010FH         LINE#         184
  C:010FH         LINE#         186
  C:0112H         LINE#         188
  C:0119H         LINE#         190
  C:011CH         LINE#         192
  C:0123H         LINE#         193
  C:0123H         LINE#         194
  C:0123H         LINE#         195
  C:0123H         LINE#         196
  C:0123H         LINE#         197
BL51 BANKED LINKER/LOCATER V6.22                                                      08/28/2025  19:47:57  PAGE 17


  C:012AH         LINE#         198
  C:012AH         LINE#         200
  C:012DH         LINE#         202
  C:012FH         LINE#         203
  C:0132H         LINE#         205
  C:013AH         LINE#         208
  C:013AH         LINE#         209
  C:013AH         LINE#         211
  C:013DH         LINE#         213
  C:0144H         LINE#         214
  C:014BH         LINE#         215
  C:014BH         LINE#         217
  C:0150H         LINE#         218
  C:015EH         LINE#         219
  C:015EH         LINE#         220
  C:0163H         LINE#         221
  C:016AH         LINE#         222
  C:016CH         LINE#         223
  C:016CH         LINE#         224
  C:016EH         LINE#         226
  C:0183H         LINE#         227
  C:0183H         LINE#         228
  C:0185H         LINE#         229
  C:0185H         LINE#         232
  C:0185H         LINE#         233
  C:0188H         LINE#         234
  C:018FH         LINE#         235
  C:018FH         LINE#         236
  C:0191H         LINE#         239
  C:0194H         LINE#         241
  C:019BH         LINE#         242
  C:01A2H         LINE#         243
  C:01A2H         LINE#         245
  C:01A7H         LINE#         246
  C:01B5H         LINE#         247
  C:01B5H         LINE#         248
  C:01BAH         LINE#         249
  C:01C1H         LINE#         250
  C:01C3H         LINE#         251
  C:01C3H         LINE#         252
  C:01C5H         LINE#         254
  C:01C5H         LINE#         255
  C:01C5H         LINE#         257
  C:01C8H         LINE#         259
  C:01CFH         LINE#         260
  C:01D6H         LINE#         261
  C:01D6H         LINE#         263
  C:01DBH         LINE#         264
  C:01E9H         LINE#         265
  C:01E9H         LINE#         266
  C:01EEH         LINE#         267
  C:01F5H         LINE#         268
  C:01F7H         LINE#         269
  C:01F7H         LINE#         270
  C:01F9H         LINE#         272
  C:020EH         LINE#         273
  C:020EH         LINE#         274
BL51 BANKED LINKER/LOCATER V6.22                                                      08/28/2025  19:47:57  PAGE 18


  C:0211H         LINE#         275
  C:0218H         LINE#         276
  C:021AH         LINE#         277
  C:021AH         LINE#         280
  C:021AH         LINE#         281
  C:021DH         LINE#         282
  C:0224H         LINE#         283
  C:0224H         LINE#         284
  C:0226H         LINE#         285
  C:022FH         LINE#         286
  C:022FH         LINE#         287
  C:022FH         LINE#         288
  C:022FH         LINE#         291
  C:0239H         LINE#         292
  C:0239H         LINE#         294
  C:0241H         LINE#         295
  C:0241H         LINE#         296
  C:0247H         LINE#         297
  C:0247H         LINE#         298
  C:024AH         LINE#         299
  C:0250H         LINE#         300
  C:0250H         LINE#         302
  C:0250H         LINE#         303
  C:0253H         LINE#         304
  C:025AH         LINE#         305
  C:0261H         LINE#         306
  C:0261H         LINE#         307
  C:0263H         LINE#         309
  C:0277H         LINE#         311
  C:027BH         LINE#         312
  C:027BH         LINE#         313
  C:027DH         LINE#         314
  C:027DH         LINE#         317
  C:027DH         LINE#         319
  C:0280H         LINE#         321
  C:0282H         LINE#         323
  C:0287H         LINE#         325
  C:028EH         LINE#         326
  C:028EH         LINE#         327
  C:028EH         LINE#         328
  C:0291H         LINE#         331
  C:0295H         LINE#         332
  C:0295H         LINE#         334
  C:0298H         LINE#         336
  C:029BH         LINE#         338
  C:029EH         LINE#         339
  C:029EH         LINE#         340
  C:029EH         LINE#         342
  C:02A0H         LINE#         343
  C:02A0H         LINE#         345
  C:02A5H         LINE#         346
  C:02A5H         LINE#         348
  C:02A8H         LINE#         349
  C:02A8H         LINE#         350
  C:02A8H         LINE#         352
  C:02AAH         LINE#         353
  C:02AAH         LINE#         354
BL51 BANKED LINKER/LOCATER V6.22                                                      08/28/2025  19:47:57  PAGE 19


  C:02ADH         LINE#         355
  -------         ENDPROC       MAIN
  -------         ENDMOD        MAIN

  -------         MODULE        ?C?COPY
  C:037EH         PUBLIC        ?C?COPY
  -------         ENDMOD        ?C?COPY

  -------         MODULE        ?C?CLDOPTR
  C:03A4H         PUBLIC        ?C?CLDOPTR
  -------         ENDMOD        ?C?CLDOPTR

  -------         MODULE        ?C?CSTOPTR
  C:03D1H         PUBLIC        ?C?CSTOPTR
  -------         ENDMOD        ?C?CSTOPTR

  -------         MODULE        ?C?IMUL
  C:03F3H         PUBLIC        ?C?IMUL
  -------         ENDMOD        ?C?IMUL

  -------         MODULE        ?C?UIDIV
  C:0405H         PUBLIC        ?C?UIDIV
  -------         ENDMOD        ?C?UIDIV

Program Size: data=71.0 xdata=0 code=3081
LINK/LOCATE RUN COMPLETE.  0 WARNING(S),  0 ERROR(S)
