C51 COMPILER V9.54   MAIN                                                                  08/08/2025 04:17:03 PAGE 1   


C51 COMPILER V9.54, COMPILATION OF MODULE MAIN
OBJECT MODULE PLACED IN .\Objects\main.obj
COMPILER INVOKED BY: D:\Download\Keil uVision5\C51\BIN\C51.EXE main.c OPTIMIZE(8,SPEED) BROWSE DEBUG OBJECTEXTEND PRINT(
                    -.\Listings\main.lst) TABS(2) OBJECT(.\Objects\main.obj)

line level    source

   1          /*
   2          
   3          name:   静态数码管显示
   4          param:    locate num
   5          retval:   无
   6          ref:    REGX52.H ShowDigit.h
   7          use to:   在 locate 的位置，显示数字 num。
   8          updatetime: 2025-08-08
   9          
  10          */
  11          
  12          #include <REGX52.H>
  13          #include "ShowDigit.h"
  14          
  15          
  16          void main()
  17          {
  18   1        showdigit(8,0);
  19   1        while(1)
  20   1        {
  21   2          
  22   2        }
  23   1      }


MODULE INFORMATION:   STATIC OVERLAYABLE
   CODE SIZE        =      9    ----
   CONSTANT SIZE    =   ----    ----
   XDATA SIZE       =   ----    ----
   PDATA SIZE       =   ----    ----
   DATA SIZE        =   ----    ----
   IDATA SIZE       =   ----    ----
   BIT SIZE         =   ----    ----
END OF MODULE INFORMATION.


C51 COMPILATION COMPLETE.  0 WARNING(S),  0 ERROR(S)
