C51 COMPILER V9.54   SHOWDIGIT                                                             08/08/2025 04:17:03 PAGE 1   


C51 COMPILER V9.54, COMPILATION OF MODULE SHOWDIGIT
OBJECT MODULE PLACED IN .\Objects\ShowDigit.obj
COMPILER INVOKED BY: D:\Download\Keil uVision5\C51\BIN\C51.EXE ShowDigit.c OPTIMIZE(8,SPEED) BROWSE DEBUG OBJECTEXTEND P
                    -RINT(.\Listings\ShowDigit.lst) TABS(2) OBJECT(.\Objects\ShowDigit.obj)

line level    source

   1          /*
   2          
   3          name:   数码管显示任意数字
   4          param:    locate num
   5          retval:   无
   6          ref:    REGX52.H
   7          use to:   在 locate 的位置，显示数字 num。
   8          updatetime: 2025-08-08
   9          
  10          */
  11          
  12          #include <REGX52.H>
  13          
  14          void showdigit(unsigned char locate,unsigned char num)
  15          {
  16   1        if (locate <= 8 && locate >= 1) 
  17   1        {
  18   2          if (num <= 9 && num >= 0)
  19   2          {
  20   3            switch(locate)
  21   3            {
  22   4              case 1: P2_4 = 0;P2_3 = 0;P2_2 = 0;break;
  23   4              case 2: P2_4 = 0;P2_3 = 0;P2_2 = 1;break;
  24   4              case 3: P2_4 = 0;P2_3 = 1;P2_2 = 0;break;
  25   4              case 4: P2_4 = 0;P2_3 = 1;P2_2 = 1;break;
  26   4              case 5: P2_4 = 1;P2_3 = 0;P2_2 = 0;break;
  27   4              case 6: P2_4 = 1;P2_3 = 0;P2_2 = 1;break;
  28   4              case 7: P2_4 = 1;P2_3 = 1;P2_2 = 0;break;
  29   4              case 8: P2_4 = 1;P2_3 = 1;P2_2 = 1;break;
  30   4              default:break;
  31   4            }
  32   3            switch(num)
  33   3            {
  34   4              case 0:P0 = 0x3F;break;
  35   4              case 1:P0 = 0x06;break;
  36   4              case 2:P0 = 0x5B;break;
  37   4              case 3:P0 = 0x4F;break;
  38   4              case 4:P0 = 0x66;break;
  39   4              case 5:P0 = 0x6D;break;
  40   4              case 6:P0 = 0x7D;break;
  41   4              case 7:P0 = 0x07;break;
  42   4              case 8:P0 = 0x7F;break;
  43   4              case 9:P0 = 0x6F;break;
  44   4              default:break;
  45   4            }
  46   3          }
  47   2        }
  48   1      }


MODULE INFORMATION:   STATIC OVERLAYABLE
   CODE SIZE        =    210    ----
   CONSTANT SIZE    =   ----    ----
   XDATA SIZE       =   ----    ----
C51 COMPILER V9.54   SHOWDIGIT                                                             08/08/2025 04:17:03 PAGE 2   

   PDATA SIZE       =   ----    ----
   DATA SIZE        =   ----    ----
   IDATA SIZE       =   ----    ----
   BIT SIZE         =   ----    ----
END OF MODULE INFORMATION.


C51 COMPILATION COMPLETE.  0 WARNING(S),  0 ERROR(S)
