C51 COMPILER V9.54   MAIN                                                                  08/10/2025 22:35:07 PAGE 1   


C51 COMPILER V9.54, COMPILATION OF MODULE MAIN
OBJECT MODULE PLACED IN .\Objects\main.obj
COMPILER INVOKED BY: D:\Download\Keil uVision5\C51\BIN\C51.EXE main.c OPTIMIZE(8,SPEED) BROWSE DEBUG OBJECTEXTEND PRINT(
                    -.\Listings\main.lst) TABS(2) OBJECT(.\Objects\main.obj)

line level    source

   1          /*
   2          
   3          name:   点亮 LED
   4          param:    无
   5          retval:   无
   6          ref:    REGX52.H
   7          use to:   点亮 D1 与 D7 的 LED。
   8          updatetime: 2025-08-08
   9          
  10          */
  11          
  12          #include <REGX52.H>
  13          
  14          
  15          void main()
  16          {
  17   1        unsigned char i;
  18   1        for (i = 1;i < 5;i++)
  19   1        {
  20   2          
  21   2        } 
  22   1      //  P2 = 0xFF;
  23   1      //  P2_0 = 0;
  24   1      //  P2_6 = 0;
  25   1      //  while(1)
  26   1      //  {
  27   1      //    
  28   1      //  }
  29   1      }


MODULE INFORMATION:   STATIC OVERLAYABLE
   CODE SIZE        =      7    ----
   CONSTANT SIZE    =   ----    ----
   XDATA SIZE       =   ----    ----
   PDATA SIZE       =   ----    ----
   DATA SIZE        =   ----    ----
   IDATA SIZE       =   ----    ----
   BIT SIZE         =   ----    ----
END OF MODULE INFORMATION.


C51 COMPILATION COMPLETE.  0 WARNING(S),  0 ERROR(S)
