BL51 BANKED LINKER/LOCATER V6.22                                                        08/08/2025  02:09:47  PAGE 1


BL51 BANKED LINKER/LOCATER V6.22, INVOKED BY:
D:\DOWNLOAD\KEIL UVISION5\C51\BIN\BL51.EXE .\Objects\Delay.obj, .\Objects\main.obj TO .\Objects\project PRINT (.\Listing
>> s\project.m51) RAMSIZE (256)


MEMORY MODEL: SMALL


INPUT MODULES INCLUDED:
  .\Objects\Delay.obj (DELAY)
  .\Objects\main.obj (MAIN)
  D:\DOWNLOAD\KEIL UVISION5\C51\LIB\C51S.LIB (?C_STARTUP)


LINK MAP OF MODULE:  .\Objects\project (DELAY)


            TYPE    BASE      LENGTH    RELOCATION   SEGMENT NAME
            -----------------------------------------------------

            * * * * * * *   D A T A   M E M O R Y   * * * * * * *
            REG     0000H     0008H     ABSOLUTE     "REG BANK 0"
            IDATA   0008H     0001H     UNIT         ?STACK

            * * * * * * *   C O D E   M E M O R Y   * * * * * * *
            CODE    0000H     0003H     ABSOLUTE     
            CODE    0003H     002AH     UNIT         ?PR?MAIN?MAIN
            CODE    002DH     0014H     UNIT         ?PR?_DELAY?DELAY
            CODE    0041H     000CH     UNIT         ?C_C51STARTUP



OVERLAY MAP OF MODULE:   .\Objects\project (DELAY)


SEGMENT
  +--> CALLED SEGMENT
---------------------
?C_C51STARTUP
  +--> ?PR?MAIN?MAIN

?PR?MAIN?MAIN
  +--> ?PR?_DELAY?DELAY



SYMBOL TABLE OF MODULE:  .\Objects\project (DELAY)

  VALUE           TYPE          NAME
  ----------------------------------

  -------         MODULE        DELAY
  C:0000H         SYMBOL        _ICE_DUMMY_
  C:002DH         PUBLIC        _Delay
  -------         PROC          _DELAY
  D:0006H         SYMBOL        x
  -------         DO            
  D:0005H         SYMBOL        i
BL51 BANKED LINKER/LOCATER V6.22                                                      08/08/2025  02:09:47  PAGE 2


  D:0004H         SYMBOL        j
  -------         ENDDO         
  C:002DH         LINE#         14
  C:002DH         LINE#         15
  C:002DH         LINE#         17
  C:0031H         LINE#         18
  C:0031H         LINE#         20
  C:0033H         LINE#         21
  C:0035H         LINE#         23
  C:0035H         LINE#         24
  C:0037H         LINE#         25
  C:0039H         LINE#         26
  C:003EH         LINE#         27
  C:0040H         LINE#         28
  -------         ENDPROC       _DELAY
  -------         ENDMOD        DELAY

  -------         MODULE        MAIN
  C:0000H         SYMBOL        _ICE_DUMMY_
  D:00A0H         PUBLIC        P2
  B:00A0H.0       PUBLIC        P2_0
  B:00A0H.3       PUBLIC        P2_3
  B:00A0H.7       PUBLIC        P2_7
  C:0003H         PUBLIC        main
  -------         PROC          MAIN
  C:0003H         LINE#         15
  C:0003H         LINE#         16
  C:0003H         LINE#         18
  C:0006H         LINE#         19
  C:0008H         LINE#         20
  C:000AH         LINE#         21
  C:000AH         LINE#         22
  C:000AH         LINE#         24
  C:000DH         LINE#         25
  C:000DH         LINE#         26
  C:0014H         LINE#         29
  C:001AH         LINE#         30
  C:001CH         LINE#         31
  C:001EH         LINE#         33
  C:001EH         LINE#         34
  C:0025H         LINE#         35
  C:002BH         LINE#         36
  C:002BH         LINE#         37
  -------         ENDPROC       MAIN
  -------         ENDMOD        MAIN

Program Size: data=9.0 xdata=0 code=77
LINK/LOCATE RUN COMPLETE.  0 WARNING(S),  0 ERROR(S)
