C51 COMPILER V9.54   MAIN                                                                  04/25/2025 02:20:11 PAGE 1   


C51 COMPILER V9.54, COMPILATION OF MODULE MAIN
OBJECT MODULE PLACED IN .\Objects\main.obj
COMPILER INVOKED BY: D:\BaiduNetdiskDownload\C51kaifa\C51\BIN\C51.EXE main.c OPTIMIZE(8,SPEED) BROWSE DEBUG OBJECTEXTEND
                    - PRINT(.\Listings\main.lst) TABS(2) OBJECT(.\Objects\main.obj)

line level    source

   1          #include <REGX52.H>
   2          #include "Timer0.h"
   3          #include "chg_mod.h"
   4          
   5          unsigned char mode = 0;
   6          
   7          void main()
   8          {
   9   1        // 计时器初始化
  10   1        Timer0_Init();
  11   1        P2_0 = 0;
  12   1        P2_1 = 0;
  13   1        P2_2 = 0; 
  14   1        while(1)
  15   1        {
  16   2          mode = change_mod();
  17   2        }
  18   1      }
  19          
  20          
  21          
  22          
  23          void Timer0_Routine() interrupt 1
  24          {
  25   1        static unsigned int T0Count = 0;
  26   1        TL0 = 0x18;       
  27   1        TH0 = 0xFC; 
  28   1        T0Count++;
  29   1        if(T0Count >= 200)
  30   1        {
  31   2          T0Count = 0;
  32   2          if(mode == 1)
  33   2          {
  34   3            if(P2_0 == 0)
  35   3            {
  36   4              P2 = (P2 >> 1) | 0x80;
  37   4              P2_7 = 0;
  38   4            }
  39   3            else
  40   3            {
  41   4              P2 = (P2 >> 1) | 0x80;
  42   4            }
  43   3          }
  44   2          else if(mode == 2)
  45   2          {
  46   3              P2 = 0xFF;
  47   3              P2_0 = 0;
  48   3              P2_1 = 0;
  49   3              P2_2 = 0; 
  50   3          }
  51   2          else if(mode == 3)
  52   2          {
  53   3            if(P2_7 == 0)
  54   3            {
C51 COMPILER V9.54   MAIN                                                                  04/25/2025 02:20:11 PAGE 2   

  55   4              P2 = (P2 << 1) | 0x01;
  56   4              P2_0 = 0;
  57   4            }
  58   3            else
  59   3            {
  60   4              P2 = (P2 << 1) | 0x01;
  61   4            }
  62   3          }
  63   2            
  64   2        }
  65   1        
  66   1      }


MODULE INFORMATION:   STATIC OVERLAYABLE
   CODE SIZE        =    116    ----
   CONSTANT SIZE    =   ----    ----
   XDATA SIZE       =   ----    ----
   PDATA SIZE       =   ----    ----
   DATA SIZE        =      3    ----
   IDATA SIZE       =   ----    ----
   BIT SIZE         =   ----    ----
END OF MODULE INFORMATION.


C51 COMPILATION COMPLETE.  0 WARNING(S),  0 ERROR(S)
