C51 COMPILER V9.54   DELAY                                                                 08/08/2025 03:18:36 PAGE 1   


C51 COMPILER V9.54, COMPILATION OF MODULE DELAY
OBJECT MODULE PLACED IN .\Objects\Delay.obj
COMPILER INVOKED BY: D:\Download\Keil uVision5\C51\BIN\C51.EXE ..\3-3 独立按键控制LED显示二进制\Delay.c OPTIMIZE(8,SPEED
                    -) BROWSE DEBUG OBJECTEXTEND PRINT(.\Listings\Delay.lst) TABS(2) OBJECT(.\Objects\Delay.obj)

line level    source

   1          // 鏃堕棿寤惰繜鍑芥暟
   2          void Delay(unsigned int x)  // 1ms
   3          {
   4   1        unsigned char data i, j;
   5   1        while(x)
   6   1        {
   7   2          
   8   2          i = 2;
   9   2          j = 199;
  10   2          do
  11   2          {
  12   3            while (--j);
  13   3          } while (--i);
  14   2          x -= 1;
  15   2        }
  16   1      
  17   1      }


MODULE INFORMATION:   STATIC OVERLAYABLE
   CODE SIZE        =     20    ----
   CONSTANT SIZE    =   ----    ----
   XDATA SIZE       =   ----    ----
   PDATA SIZE       =   ----    ----
   DATA SIZE        =   ----    ----
   IDATA SIZE       =   ----    ----
   BIT SIZE         =   ----    ----
END OF MODULE INFORMATION.


C51 COMPILATION COMPLETE.  0 WARNING(S),  0 ERROR(S)
