BL51 BANKED LINKER/LOCATER V6.22                                                        08/08/2025  03:24:49  PAGE 1


BL51 BANKED LINKER/LOCATER V6.22, INVOKED BY:
D:\DOWNLOAD\KEIL UVISION5\C51\BIN\BL51.EXE .\Objects\Delay.obj, .\Objects\main.obj TO .\Objects\project PRINT (.\Listing
>> s\project.m51) RAMSIZE (256)


MEMORY MODEL: SMALL


INPUT MODULES INCLUDED:
  .\Objects\Delay.obj (DELAY)
  .\Objects\main.obj (MAIN)
  D:\DOWNLOAD\KEIL UVISION5\C51\LIB\C51S.LIB (?C_STARTUP)


LINK MAP OF MODULE:  .\Objects\project (DELAY)


            TYPE    BASE      LENGTH    RELOCATION   SEGMENT NAME
            -----------------------------------------------------

            * * * * * * *   D A T A   M E M O R Y   * * * * * * *
            REG     0000H     0008H     ABSOLUTE     "REG BANK 0"
            DATA    0008H     0002H     UNIT         _DATA_GROUP_
            IDATA   000AH     0001H     UNIT         ?STACK

            * * * * * * *   C O D E   M E M O R Y   * * * * * * *
            CODE    0000H     0003H     ABSOLUTE     
            CODE    0003H     00BFH     UNIT         ?PR?MAIN?MAIN
            CODE    00C2H     0014H     UNIT         ?PR?_DELAY?DELAY
            CODE    00D6H     000CH     UNIT         ?C_C51STARTUP



OVERLAY MAP OF MODULE:   .\Objects\project (DELAY)


SEGMENT                          DATA_GROUP 
  +--> CALLED SEGMENT          START    LENGTH
----------------------------------------------
?C_C51STARTUP                  -----    -----
  +--> ?PR?MAIN?MAIN

?PR?MAIN?MAIN                  0008H    0002H
  +--> ?PR?_DELAY?DELAY



SYMBOL TABLE OF MODULE:  .\Objects\project (DELAY)

  VALUE           TYPE          NAME
  ----------------------------------

  -------         MODULE        DELAY
  C:0000H         SYMBOL        _ICE_DUMMY_
  C:00C2H         PUBLIC        _Delay
  -------         PROC          _DELAY
  D:0006H         SYMBOL        x
  -------         DO            
BL51 BANKED LINKER/LOCATER V6.22                                                      08/08/2025  03:24:49  PAGE 2


  D:0005H         SYMBOL        i
  D:0004H         SYMBOL        j
  -------         ENDDO         
  C:00C2H         LINE#         2
  C:00C2H         LINE#         3
  C:00C2H         LINE#         5
  C:00C6H         LINE#         6
  C:00C6H         LINE#         8
  C:00C8H         LINE#         9
  C:00CAH         LINE#         11
  C:00CAH         LINE#         12
  C:00CCH         LINE#         13
  C:00CEH         LINE#         14
  C:00D3H         LINE#         15
  C:00D5H         LINE#         17
  -------         ENDPROC       _DELAY
  -------         ENDMOD        DELAY

  -------         MODULE        MAIN
  C:0000H         SYMBOL        _ICE_DUMMY_
  D:00A0H         PUBLIC        P2
  B:00A0H.0       PUBLIC        P2_0
  B:00B0H.0       PUBLIC        P3_0
  B:00B0H.1       PUBLIC        P3_1
  B:00B0H.2       PUBLIC        P3_2
  B:00B0H.3       PUBLIC        P3_3
  B:00A0H.7       PUBLIC        P2_7
  C:0003H         PUBLIC        main
  -------         PROC          MAIN
  -------         DO            
  D:0008H         SYMBOL        state
  -------         ENDDO         
  C:0003H         LINE#         15
  C:0003H         LINE#         16
  C:0003H         LINE#         17
  C:0008H         LINE#         18
  C:000BH         LINE#         19
  C:000DH         LINE#         20
  C:000DH         LINE#         21
  C:000DH         LINE#         22
  C:0027H         LINE#         23
  C:0041H         LINE#         24
  C:005BH         LINE#         25
  C:0075H         LINE#         26
  C:0086H         LINE#         27
  C:0086H         LINE#         28
  C:0086H         LINE#         29
  C:008DH         LINE#         30
  C:0094H         LINE#         31
  C:0094H         LINE#         33
  C:0098H         LINE#         34
  C:009BH         LINE#         36
  C:009BH         LINE#         37
  C:009DH         LINE#         38
  C:009DH         LINE#         39
  C:00A0H         LINE#         40
  C:00A0H         LINE#         41
BL51 BANKED LINKER/LOCATER V6.22                                                      08/08/2025  03:24:49  PAGE 3


  C:00A0H         LINE#         42
  C:00A0H         LINE#         43
  C:00A7H         LINE#         44
  C:00AEH         LINE#         45
  C:00AEH         LINE#         46
  C:00B2H         LINE#         47
  C:00B5H         LINE#         49
  C:00B5H         LINE#         50
  C:00B7H         LINE#         51
  C:00B7H         LINE#         52
  C:00BAH         LINE#         53
  C:00BAH         LINE#         54
  C:00BDH         LINE#         55
  C:00BFH         LINE#         56
  -------         ENDPROC       MAIN
  -------         ENDMOD        MAIN

Program Size: data=11.0 xdata=0 code=226
LINK/LOCATE RUN COMPLETE.  0 WARNING(S),  0 ERROR(S)
