BL51 BANKED LINKER/LOCATER V6.22                                                        08/08/2025  02:20:07  PAGE 1


BL51 BANKED LINKER/LOCATER V6.22, INVOKED BY:
D:\DOWNLOAD\KEIL UVISION5\C51\BIN\BL51.EXE .\Objects\Delay.obj, .\Objects\main.obj TO .\Objects\project PRINT (.\Listing
>> s\project.m51) RAMSIZE (256)


MEMORY MODEL: SMALL


INPUT MODULES INCLUDED:
  .\Objects\Delay.obj (DELAY)
  .\Objects\main.obj (MAIN)
  D:\DOWNLOAD\KEIL UVISION5\C51\LIB\C51S.LIB (?C_STARTUP)


LINK MAP OF MODULE:  .\Objects\project (DELAY)


            TYPE    BASE      LENGTH    RELOCATION   SEGMENT NAME
            -----------------------------------------------------

            * * * * * * *   D A T A   M E M O R Y   * * * * * * *
            REG     0000H     0008H     ABSOLUTE     "REG BANK 0"
            IDATA   0008H     0001H     UNIT         ?STACK

            * * * * * * *   C O D E   M E M O R Y   * * * * * * *
            CODE    0000H     0003H     ABSOLUTE     
            CODE    0003H     004CH     UNIT         ?PR?MAIN?MAIN
            CODE    004FH     0014H     UNIT         ?PR?_DELAY?DELAY
            CODE    0063H     000CH     UNIT         ?C_C51STARTUP



OVERLAY MAP OF MODULE:   .\Objects\project (DELAY)


SEGMENT
  +--> CALLED SEGMENT
---------------------
?C_C51STARTUP
  +--> ?PR?MAIN?MAIN

?PR?MAIN?MAIN
  +--> ?PR?_DELAY?DELAY



SYMBOL TABLE OF MODULE:  .\Objects\project (DELAY)

  VALUE           TYPE          NAME
  ----------------------------------

  -------         MODULE        DELAY
  C:0000H         SYMBOL        _ICE_DUMMY_
  C:004FH         PUBLIC        _Delay
  -------         PROC          _DELAY
  D:0006H         SYMBOL        x
  -------         DO            
  D:0005H         SYMBOL        i
BL51 BANKED LINKER/LOCATER V6.22                                                      08/08/2025  02:20:07  PAGE 2


  D:0004H         SYMBOL        j
  -------         ENDDO         
  C:004FH         LINE#         14
  C:004FH         LINE#         15
  C:004FH         LINE#         17
  C:0053H         LINE#         18
  C:0053H         LINE#         20
  C:0055H         LINE#         21
  C:0057H         LINE#         23
  C:0057H         LINE#         24
  C:0059H         LINE#         25
  C:005BH         LINE#         26
  C:0060H         LINE#         27
  C:0062H         LINE#         28
  -------         ENDPROC       _DELAY
  -------         ENDMOD        DELAY

  -------         MODULE        MAIN
  C:0000H         SYMBOL        _ICE_DUMMY_
  D:00A0H         PUBLIC        P2
  B:00A0H.0       PUBLIC        P2_0
  B:00B0H.0       PUBLIC        P3_0
  B:00B0H.1       PUBLIC        P3_1
  B:00B0H.2       PUBLIC        P3_2
  C:0003H         PUBLIC        main
  -------         PROC          MAIN
  C:0003H         LINE#         15
  C:0003H         LINE#         16
  C:0003H         LINE#         18
  C:0006H         LINE#         19
  C:0006H         LINE#         20
  C:0006H         LINE#         22
  C:001DH         LINE#         23
  C:0034H         LINE#         24
  C:004DH         LINE#         25
  -------         ENDPROC       MAIN
  -------         ENDMOD        MAIN

Program Size: data=9.0 xdata=0 code=111
LINK/LOCATE RUN COMPLETE.  0 WARNING(S),  0 ERROR(S)
