C51 COMPILER V9.54   MAIN                                                                  08/08/2025 03:40:10 PAGE 1   


C51 COMPILER V9.54, COMPILATION OF MODULE MAIN
OBJECT MODULE PLACED IN .\Objects\main.obj
COMPILER INVOKED BY: D:\Download\Keil uVision5\C51\BIN\C51.EXE main.c OPTIMIZE(8,SPEED) BROWSE DEBUG OBJECTEXTEND PRINT(
                    -.\Listings\main.lst) TABS(2) OBJECT(.\Objects\main.obj)

line level    source

   1          /*
   2          
   3          name:   独立按键控制 LED 显示二进制
   4          param:    无
   5          retval:   无
   6          ref:    REGX52.H
   7          use to:   按下一次 K1 ，显示相应二进制的进位。
   8          updatetime: 2025-08-08
   9          
  10          */
  11          
  12          #include <REGX52.H>
  13          #include "Delay.h"
  14          
  15          void main()
  16          {
  17   1        unsigned char Num = 0;
  18   1        P2 = 0xFF;
  19   1        while(1)
  20   1        {
  21   2          if (P3_1 == 0){Delay(20);while(P3_1 == 0);Delay(20);Num++;P2 = ~Num;}
  22   2        }
  23   1      }


MODULE INFORMATION:   STATIC OVERLAYABLE
   CODE SIZE        =     35    ----
   CONSTANT SIZE    =   ----    ----
   XDATA SIZE       =   ----    ----
   PDATA SIZE       =   ----    ----
   DATA SIZE        =   ----       1
   IDATA SIZE       =   ----    ----
   BIT SIZE         =   ----    ----
END OF MODULE INFORMATION.


C51 COMPILATION COMPLETE.  0 WARNING(S),  0 ERROR(S)
