BL51 BANKED LINKER/LOCATER V6.22                                                        08/08/2025  03:40:10  PAGE 1


BL51 BANKED LINKER/LOCATER V6.22, INVOKED BY:
D:\DOWNLOAD\KEIL UVISION5\C51\BIN\BL51.EXE .\Objects\Delay.obj, .\Objects\main.obj TO .\Objects\project PRINT (.\Listing
>> s\project.m51) RAMSIZE (256)


MEMORY MODEL: SMALL


INPUT MODULES INCLUDED:
  .\Objects\Delay.obj (DELAY)
  .\Objects\main.obj (MAIN)
  D:\DOWNLOAD\KEIL UVISION5\C51\LIB\C51S.LIB (?C_STARTUP)


LINK MAP OF MODULE:  .\Objects\project (DELAY)


            TYPE    BASE      LENGTH    RELOCATION   SEGMENT NAME
            -----------------------------------------------------

            * * * * * * *   D A T A   M E M O R Y   * * * * * * *
            REG     0000H     0008H     ABSOLUTE     "REG BANK 0"
            DATA    0008H     0001H     UNIT         _DATA_GROUP_
            IDATA   0009H     0001H     UNIT         ?STACK

            * * * * * * *   C O D E   M E M O R Y   * * * * * * *
            CODE    0000H     0003H     ABSOLUTE     
            CODE    0003H     0023H     UNIT         ?PR?MAIN?MAIN
            CODE    0026H     0014H     UNIT         ?PR?_DELAY?DELAY
            CODE    003AH     000CH     UNIT         ?C_C51STARTUP



OVERLAY MAP OF MODULE:   .\Objects\project (DELAY)


SEGMENT                          DATA_GROUP 
  +--> CALLED SEGMENT          START    LENGTH
----------------------------------------------
?C_C51STARTUP                  -----    -----
  +--> ?PR?MAIN?MAIN

?PR?MAIN?MAIN                  0008H    0001H
  +--> ?PR?_DELAY?DELAY



SYMBOL TABLE OF MODULE:  .\Objects\project (DELAY)

  VALUE           TYPE          NAME
  ----------------------------------

  -------         MODULE        DELAY
  C:0000H         SYMBOL        _ICE_DUMMY_
  C:0026H         PUBLIC        _Delay
  -------         PROC          _DELAY
  D:0006H         SYMBOL        x
  -------         DO            
BL51 BANKED LINKER/LOCATER V6.22                                                      08/08/2025  03:40:10  PAGE 2


  D:0005H         SYMBOL        i
  D:0004H         SYMBOL        j
  -------         ENDDO         
  C:0026H         LINE#         2
  C:0026H         LINE#         3
  C:0026H         LINE#         5
  C:002AH         LINE#         6
  C:002AH         LINE#         8
  C:002CH         LINE#         9
  C:002EH         LINE#         11
  C:002EH         LINE#         12
  C:0030H         LINE#         13
  C:0032H         LINE#         14
  C:0037H         LINE#         15
  C:0039H         LINE#         17
  -------         ENDPROC       _DELAY
  -------         ENDMOD        DELAY

  -------         MODULE        MAIN
  C:0000H         SYMBOL        _ICE_DUMMY_
  D:00A0H         PUBLIC        P2
  B:00B0H.1       PUBLIC        P3_1
  C:0003H         PUBLIC        main
  -------         PROC          MAIN
  -------         DO            
  D:0008H         SYMBOL        Num
  -------         ENDDO         
  C:0003H         LINE#         15
  C:0003H         LINE#         16
  C:0003H         LINE#         17
  C:0006H         LINE#         18
  C:0009H         LINE#         19
  C:0009H         LINE#         20
  C:0009H         LINE#         21
  C:0024H         LINE#         22
  -------         ENDPROC       MAIN
  -------         ENDMOD        MAIN

Program Size: data=10.0 xdata=0 code=70
LINK/LOCATE RUN COMPLETE.  0 WARNING(S),  0 ERROR(S)
