C51 COMPILER V9.54   MAIN                                                                  08/08/2025 01:47:17 PAGE 1   


C51 COMPILER V9.54, COMPILATION OF MODULE MAIN
OBJECT MODULE PLACED IN .\Objects\main.obj
COMPILER INVOKED BY: D:\Download\Keil uVision5\C51\BIN\C51.EXE main.c OPTIMIZE(8,SPEED) BROWSE DEBUG OBJECTEXTEND PRINT(
                    -.\Listings\main.lst) TABS(2) OBJECT(.\Objects\main.obj)

line level    source

   1          /*
   2          
   3          name:   LED 闪烁
   4          param:    x
   5          retval:   无
   6          ref:    REGX52.H Delay.h
   7          use to:   让 D3 的 LED 每 2 ms 闪烁一次。
   8          updatetime: 2025-08-08
   9          
  10          */
  11          
  12          #include <REGX52.H>
  13          #include "Delay.h"
  14          
  15          void main()
  16          {
  17   1        P2 = 0xFF;
  18   1        P2_2 = 0;
  19   1        while(1)
  20   1        {
  21   2          Delay(200);
  22   2          P2_2 = ~P2_2;
  23   2        }
  24   1      }


MODULE INFORMATION:   STATIC OVERLAYABLE
   CODE SIZE        =     16    ----
   CONSTANT SIZE    =   ----    ----
   XDATA SIZE       =   ----    ----
   PDATA SIZE       =   ----    ----
   DATA SIZE        =   ----    ----
   IDATA SIZE       =   ----    ----
   BIT SIZE         =   ----    ----
END OF MODULE INFORMATION.


C51 COMPILATION COMPLETE.  0 WARNING(S),  0 ERROR(S)
