BL51 BANKED LINKER/LOCATER V6.22                                                        08/08/2025  01:47:18  PAGE 1


BL51 BANKED LINKER/LOCATER V6.22, INVOKED BY:
D:\DOWNLOAD\KEIL UVISION5\C51\BIN\BL51.EXE .\Objects\main.obj, .\Objects\Delay.obj TO .\Objects\project PRINT (.\Listing
>> s\project.m51) RAMSIZE (256)


MEMORY MODEL: SMALL


INPUT MODULES INCLUDED:
  .\Objects\main.obj (MAIN)
  .\Objects\Delay.obj (DELAY)
  D:\DOWNLOAD\KEIL UVISION5\C51\LIB\C51S.LIB (?C_STARTUP)


LINK MAP OF MODULE:  .\Objects\project (MAIN)


            TYPE    BASE      LENGTH    RELOCATION   SEGMENT NAME
            -----------------------------------------------------

            * * * * * * *   D A T A   M E M O R Y   * * * * * * *
            REG     0000H     0008H     ABSOLUTE     "REG BANK 0"
            IDATA   0008H     0001H     UNIT         ?STACK

            * * * * * * *   C O D E   M E M O R Y   * * * * * * *
            CODE    0000H     0003H     ABSOLUTE     
            CODE    0003H     0014H     UNIT         ?PR?_DELAY?DELAY
            CODE    0017H     0010H     UNIT         ?PR?MAIN?MAIN
            CODE    0027H     000CH     UNIT         ?C_C51STARTUP



OVERLAY MAP OF MODULE:   .\Objects\project (MAIN)


SEGMENT
  +--> CALLED SEGMENT
---------------------
?C_C51STARTUP
  +--> ?PR?MAIN?MAIN

?PR?MAIN?MAIN
  +--> ?PR?_DELAY?DELAY



SYMBOL TABLE OF MODULE:  .\Objects\project (MAIN)

  VALUE           TYPE          NAME
  ----------------------------------

  -------         MODULE        MAIN
  C:0000H         SYMBOL        _ICE_DUMMY_
  D:00A0H         PUBLIC        P2
  B:00A0H.2       PUBLIC        P2_2
  C:0017H         PUBLIC        main
  -------         PROC          MAIN
  C:0017H         LINE#         15
BL51 BANKED LINKER/LOCATER V6.22                                                      08/08/2025  01:47:18  PAGE 2


  C:0017H         LINE#         16
  C:0017H         LINE#         17
  C:001AH         LINE#         18
  C:001CH         LINE#         19
  C:001CH         LINE#         20
  C:001CH         LINE#         21
  C:0023H         LINE#         22
  C:0025H         LINE#         23
  -------         ENDPROC       MAIN
  -------         ENDMOD        MAIN

  -------         MODULE        DELAY
  C:0000H         SYMBOL        _ICE_DUMMY_
  C:0003H         PUBLIC        _Delay
  -------         PROC          _DELAY
  D:0006H         SYMBOL        x
  -------         DO            
  D:0005H         SYMBOL        i
  D:0004H         SYMBOL        j
  -------         ENDDO         
  C:0003H         LINE#         14
  C:0003H         LINE#         15
  C:0003H         LINE#         17
  C:0007H         LINE#         18
  C:0007H         LINE#         20
  C:0009H         LINE#         21
  C:000BH         LINE#         23
  C:000BH         LINE#         24
  C:000DH         LINE#         25
  C:000FH         LINE#         26
  C:0014H         LINE#         27
  C:0016H         LINE#         28
  -------         ENDPROC       _DELAY
  -------         ENDMOD        DELAY

Program Size: data=9.0 xdata=0 code=51
LINK/LOCATE RUN COMPLETE.  0 WARNING(S),  0 ERROR(S)
