C51 COMPILER V9.54   MAIN                                                                  04/30/2025 00:17:43 PAGE 1   


C51 COMPILER V9.54, COMPILATION OF MODULE MAIN
OBJECT MODULE PLACED IN .\Objects\main.obj
COMPILER INVOKED BY: D:\BaiduNetdiskDownload\C51kaifa\C51\BIN\C51.EXE main.c OPTIMIZE(8,SPEED) BROWSE DEBUG OBJECTEXTEND
                    - PRINT(.\Listings\main.lst) TABS(2) OBJECT(.\Objects\main.obj)

line level    source

   1          #include "UART.h"
   2          #include <REGX52.H>
   3          #include "Delay.h"
   4          
   5          
   6          void main()
   7          {
   8   1        UART_Init();
   9   1        while(1)
  10   1        {
  11   2          if (P3_1 == 0){Delay(20);while(P3_1 == 0);Delay(20);SBUF = 0xFF;while(TI == 0);TI = 0;}
  12   2        }
  13   1        
  14   1        
  15   1      }
  16          
  17          
  18          
  19          void UART() interrupt 4
  20          {
  21   1        if (RI == 1)
  22   1        {
  23   2          P2 = SBUF;
  24   2          RI = 0;
  25   2        }
  26   1        
  27   1      }


MODULE INFORMATION:   STATIC OVERLAYABLE
   CODE SIZE        =     42    ----
   CONSTANT SIZE    =   ----    ----
   XDATA SIZE       =   ----    ----
   PDATA SIZE       =   ----    ----
   DATA SIZE        =   ----    ----
   IDATA SIZE       =   ----    ----
   BIT SIZE         =   ----    ----
END OF MODULE INFORMATION.


C51 COMPILATION COMPLETE.  0 WARNING(S),  0 ERROR(S)
