C51 COMPILER V9.54   MAIN                                                                  08/08/2025 02:19:57 PAGE 1   


C51 COMPILER V9.54, COMPILATION OF MODULE MAIN
OBJECT MODULE PLACED IN .\Objects\main.obj
COMPILER INVOKED BY: D:\Download\Keil uVision5\C51\BIN\C51.EXE main.c OPTIMIZE(8,SPEED) BROWSE DEBUG OBJECTEXTEND PRINT(
                    -.\Listings\main.lst) TABS(2) OBJECT(.\Objects\main.obj)

line level    source

   1          /*
   2          
   3          name:   独立按键控制 LED 亮灭
   4          param:    无
   5          retval:   无
   6          ref:    REGX52.H Delay.h
   7          use to:   K1 按下，所有 LED 亮；k2 按下，所有 LED 灭；K3 按下，只亮 D1。
   8          updatetime: 2025-08-08
   9          
  10          */
  11          
  12          #include <REGX52.H>
  13          #include "Delay.h"
  14          
  15          void main()
  16          {
  17   1        // LED 初始化
  18   1        P2 = 0xFF;
  19   1        while(1)
  20   1        {
  21   2          // 防抖操作，且直到松开才操作。
  22   2          if (0 == P3_1){Delay(20);while(0 == P3_1);Delay(20);P2 = 0x00;}
  23   2          if (0 == P3_0){Delay(20);while(0 == P3_0);Delay(20);P2 = 0xFF;}
  24   2          if (0 == P3_2){Delay(20);while(0 == P3_2);Delay(20);P2 = 0xFF;P2_0 = 0;}
  25   2        }
  26   1      }


MODULE INFORMATION:   STATIC OVERLAYABLE
   CODE SIZE        =     76    ----
   CONSTANT SIZE    =   ----    ----
   XDATA SIZE       =   ----    ----
   PDATA SIZE       =   ----    ----
   DATA SIZE        =   ----    ----
   IDATA SIZE       =   ----    ----
   BIT SIZE         =   ----    ----
END OF MODULE INFORMATION.


C51 COMPILATION COMPLETE.  0 WARNING(S),  0 ERROR(S)
