BL51 BANKED LINKER/LOCATER V6.22                                                        04/26/2025  06:07:04  PAGE 1


BL51 BANKED LINKER/LOCATER V6.22, INVOKED BY:
D:\BAIDUNETDISKDOWNLOAD\C51KAIFA\C51\BIN\BL51.EXE .\Objects\main.obj, .\Objects\UART.obj, .\Objects\Delay.obj TO .\Objec
>> ts\porject PRINT (.\Listings\porject.m51) RAMSIZE (256)


MEMORY MODEL: SMALL


INPUT MODULES INCLUDED:
  .\Objects\main.obj (MAIN)
  .\Objects\UART.obj (UART)
  .\Objects\Delay.obj (DELAY)
  D:\BAIDUNETDISKDOWNLOAD\C51KAIFA\C51\LIB\C51S.LIB (?C_STARTUP)


LINK MAP OF MODULE:  .\Objects\porject (MAIN)


            TYPE    BASE      LENGTH    RELOCATION   SEGMENT NAME
            -----------------------------------------------------

            * * * * * * *   D A T A   M E M O R Y   * * * * * * *
            REG     0000H     0008H     ABSOLUTE     "REG BANK 0"
            IDATA   0008H     0001H     UNIT         ?STACK

            * * * * * * *   C O D E   M E M O R Y   * * * * * * *
            CODE    0000H     0003H     ABSOLUTE     
                    0003H     0020H                  *** GAP ***
            CODE    0023H     0003H     ABSOLUTE     
                    0026H     07DAH                  *** GAP ***
            CODE    0800H     0021H     UNIT         ?PR?MAIN?MAIN
            CODE    0821H     001FH     UNIT         ?PR?UART_INIT?UART
            CODE    0840H     0014H     UNIT         ?PR?_DELAY?DELAY
            CODE    0854H     000CH     UNIT         ?C_C51STARTUP
            CODE    0860H     0009H     UNIT         ?PR?UART?MAIN
            CODE    0869H     0008H     UNIT         ?PR?_UART_SEND?UART



OVERLAY MAP OF MODULE:   .\Objects\porject (MAIN)


SEGMENT
  +--> CALLED SEGMENT
---------------------
?C_C51STARTUP
  +--> ?PR?MAIN?MAIN

?PR?MAIN?MAIN
  +--> ?PR?UART_INIT?UART
  +--> ?PR?_DELAY?DELAY



SYMBOL TABLE OF MODULE:  .\Objects\porject (MAIN)

  VALUE           TYPE          NAME
  ----------------------------------
BL51 BANKED LINKER/LOCATER V6.22                                                      04/26/2025  06:07:04  PAGE 2



  -------         MODULE        MAIN
  C:0000H         SYMBOL        _ICE_DUMMY_
  D:00A0H         PUBLIC        P2
  B:00B0H.1       PUBLIC        P3_1
  B:0098H.0       PUBLIC        RI
  B:0098H.1       PUBLIC        TI
  C:0800H         PUBLIC        main
  D:0099H         PUBLIC        SBUF
  C:0860H         PUBLIC        UART
  -------         PROC          MAIN
  C:0800H         LINE#         6
  C:0800H         LINE#         7
  C:0800H         LINE#         8
  C:0803H         LINE#         9
  C:0803H         LINE#         10
  C:0803H         LINE#         11
  C:081FH         LINE#         12
  -------         ENDPROC       MAIN
  -------         PROC          UART
  C:0860H         LINE#         19
  C:0860H         LINE#         21
  C:0863H         LINE#         22
  C:0863H         LINE#         23
  C:0866H         LINE#         24
  C:0868H         LINE#         25
  C:0868H         LINE#         27
  -------         ENDPROC       UART
  -------         ENDMOD        MAIN

  -------         MODULE        UART
  C:0000H         SYMBOL        _ICE_DUMMY_
  B:00A8H.7       PUBLIC        EA
  B:00A8H.4       PUBLIC        ES
  B:0098H.1       PUBLIC        TI
  D:0099H         PUBLIC        SBUF
  D:0087H         PUBLIC        PCON
  C:0821H         PUBLIC        UART_Init
  D:0098H         PUBLIC        SCON
  D:0089H         PUBLIC        TMOD
  C:0869H         PUBLIC        _UART_send
  B:00A8H.3       PUBLIC        ET1
  D:008DH         PUBLIC        TH1
  B:0098H.6       PUBLIC        SM1
  D:008BH         PUBLIC        TL1
  B:0088H.6       PUBLIC        TR1
  B:0098H.4       PUBLIC        REN
  -------         PROC          UART_INIT
  C:0821H         LINE#         3
  C:0821H         LINE#         4
  C:0821H         LINE#         6
  C:0824H         LINE#         9
  C:0827H         LINE#         11
  C:0829H         LINE#         13
  C:082BH         LINE#         16
  C:082EH         LINE#         17
  C:0831H         LINE#         18
BL51 BANKED LINKER/LOCATER V6.22                                                      04/26/2025  06:07:04  PAGE 3


  C:0833H         LINE#         19
  C:0835H         LINE#         20
  C:0838H         LINE#         21
  C:083BH         LINE#         24
  C:083DH         LINE#         25
  C:083FH         LINE#         27
  -------         ENDPROC       UART_INIT
  -------         PROC          _UART_SEND
  D:0007H         SYMBOL        send_data
  C:0869H         LINE#         30
  C:0869H         LINE#         31
  C:0869H         LINE#         32
  C:086BH         LINE#         33
  C:086EH         LINE#         34
  C:0870H         LINE#         35
  -------         ENDPROC       _UART_SEND
  -------         ENDMOD        UART

  -------         MODULE        DELAY
  C:0000H         SYMBOL        _ICE_DUMMY_
  C:0840H         PUBLIC        _Delay
  -------         PROC          _DELAY
  D:0006H         SYMBOL        x
  -------         DO            
  D:0005H         SYMBOL        i
  D:0004H         SYMBOL        j
  -------         ENDDO         
  C:0840H         LINE#         2
  C:0840H         LINE#         3
  C:0840H         LINE#         5
  C:0844H         LINE#         6
  C:0844H         LINE#         8
  C:0846H         LINE#         9
  C:0848H         LINE#         11
  C:0848H         LINE#         12
  C:084AH         LINE#         13
  C:084CH         LINE#         14
  C:0851H         LINE#         15
  C:0853H         LINE#         17
  -------         ENDPROC       _DELAY
  -------         ENDMOD        DELAY

*** WARNING L16: UNCALLED SEGMENT, IGNORED FOR OVERLAY PROCESS
    SEGMENT: ?PR?_UART_SEND?UART

******************************************************************************
* RESTRICTED VERSION WITH 0800H BYTE CODE SIZE LIMIT; USED: 0068H BYTE ( 5%) *
******************************************************************************

Program Size: data=9.0 xdata=0 code=119
LINK/LOCATE RUN COMPLETE.  1 WARNING(S),  0 ERROR(S)
